
Magic 8.3 revision 664 - Compiled on Mon Jun 15 08:31:32 AM CEST 2026.
Starting magic under Tcl interpreter
Using the terminal as the console.
WARNING: RLIMIT_NOFILE is above 1024 and Tcl_Version<9 this may cause runtime issues [rlim_cur=1048576]
Using NULL graphics device.
Processing system .magicrc file
Switching to WIRING tool.
Switching to NETLIST tool.
Switching to PICK tool.
Switching to BOX tool.
Sourcing design .magicrc for technology gf180mcuD ...
10 Magic internal units = 1 Lambda
Input style import: scaleFactor=10, multiplier=2
The following types are not handled by extraction and will be treated as non-electrical types:
    obsactive mvobsactive filldiff fillpoly m1hole obsm1 fillm1 obsv1 m2hole obsm2 fillm2 obsv2 m3hole obsm3 fillm3 m4hole obsm4 fillm4 m5hole obsm5 fillm5 glass fillblock lvstext obscomment 
Scaled tech values by 10 / 1 to match internal grid scaling
Loading gf180mcuD Device Generator Menu ...
Loading "/foss/designs/build/compact-bank-c64-ground-grid-20260927/extract.tcl" from command line.
Warning: Calma reading is not undoable!  I hope that's OK.
Library written using GDS-II Release 6.0
Library name: photodiode
Reading "compact_bank".
Loading DRC CIF style.
TILE_DRC_COUNT=0
No errors found.
Extracting flat into flat.ext:
Processing flat
Processing cell flat for resistance extraction.
Extracting a_800_n23400#
Extracting a_2662_n18500#
Extracting a_8800_n23400#
Extracting a_10662_n18500#
Extracting a_16800_n23400#
Extracting a_18662_n18500#
Extracting a_24800_n23400#
Extracting a_26662_n18500#
Extracting a_32800_n23400#
Extracting a_34662_n18500#
Extracting a_40800_n23400#
Extracting a_42662_n18500#
Extracting a_48800_n23400#
Extracting a_50662_n18500#
Extracting a_56800_n23400#
Extracting a_58662_n18500#
Extracting a_64800_n23400#
Extracting a_66662_n18500#
Extracting a_72800_n23400#
Extracting a_74662_n18500#
Extracting a_80800_n23400#
Extracting a_82662_n18500#
Extracting a_88800_n23400#
Extracting a_90662_n18500#
Extracting a_96800_n23400#
Extracting a_98662_n18500#
Extracting a_104800_n23400#
Extracting a_106662_n18500#
Extracting a_112800_n23400#
Extracting a_114662_n18500#
Extracting a_120800_n23400#
Extracting a_122662_n18500#
Extracting a_128800_n23400#
Extracting a_130662_n18500#
Extracting a_136800_n23400#
Extracting a_138662_n18500#
Extracting a_144800_n23400#
Extracting a_146662_n18500#
Extracting a_152800_n23400#
Extracting a_154662_n18500#
Extracting a_160800_n23400#
Extracting a_162662_n18500#
Extracting a_168800_n23400#
Extracting a_170662_n18500#
Extracting a_176800_n23400#
Extracting a_178662_n18500#
Extracting a_184800_n23400#
Extracting a_186662_n18500#
Extracting a_192800_n23400#
Extracting a_194662_n18500#
Extracting a_200800_n23400#
Extracting a_202662_n18500#
Extracting a_208800_n23400#
Extracting a_210662_n18500#
Extracting a_216800_n23400#
Extracting a_218662_n18500#
Extracting a_224800_n23400#
Extracting a_226662_n18500#
Extracting a_232800_n23400#
Extracting a_234662_n18500#
Extracting a_240800_n23400#
Extracting a_242662_n18500#
Extracting a_248800_n23400#
Extracting a_250662_n18500#
Extracting a_256800_n23400#
Extracting a_258662_n18500#
Extracting a_264800_n23400#
Extracting a_266662_n18500#
Extracting a_272800_n23400#
Extracting a_274662_n18500#
Extracting a_280800_n23400#
Extracting a_282662_n18500#
Extracting a_288800_n23400#
Extracting a_290662_n18500#
Extracting a_296800_n23400#
Extracting a_298662_n18500#
Extracting a_304800_n23400#
Extracting a_306662_n18500#
Extracting a_312800_n23400#
Extracting a_314662_n18500#
Extracting a_320800_n23400#
Extracting a_322662_n18500#
Extracting a_328800_n23400#
Extracting a_330662_n18500#
Extracting a_336800_n23400#
Extracting a_338662_n18500#
Extracting a_344800_n23400#
Extracting a_346662_n18500#
Extracting a_352800_n23400#
Extracting a_354662_n18500#
Extracting a_360800_n23400#
Extracting a_362662_n18500#
Extracting a_368800_n23400#
Extracting a_370662_n18500#
Extracting a_376800_n23400#
Extracting a_378662_n18500#
Extracting a_384800_n23400#
Extracting a_386662_n18500#
Extracting a_392800_n23400#
Extracting a_394662_n18500#
Extracting a_400800_n23400#
Extracting a_402662_n18500#
Extracting a_408800_n23400#
Extracting a_410662_n18500#
Extracting a_416800_n23400#
Extracting a_418662_n18500#
Extracting a_424800_n23400#
Extracting a_426662_n18500#
Extracting a_432800_n23400#
Extracting a_434662_n18500#
Extracting a_440800_n23400#
Extracting a_442662_n18500#
Extracting a_448800_n23400#
Extracting a_450662_n18500#
Extracting a_456800_n23400#
Extracting a_458662_n18500#
Extracting a_464800_n23400#
Extracting a_466662_n18500#
Extracting a_472800_n23400#
Extracting a_474662_n18500#
Extracting a_480800_n23400#
Extracting a_482662_n18500#
Extracting a_488800_n23400#
Extracting a_490662_n18500#
Extracting a_496800_n23400#
Extracting a_498662_n18500#
Extracting a_504800_n23400#
Extracting a_506662_n18500#
Extracting GND
Extracting VDD
Extracting SELB0
Extracting CBUF0
Extracting BUF
Extracting SELB1
Extracting CBUF1
Extracting SELB2
Extracting CBUF2
Extracting SELB3
Extracting CBUF3
Extracting SELB4
Extracting CBUF4
Extracting SELB5
Extracting CBUF5
Extracting SELB6
Extracting CBUF6
Extracting SELB7
Extracting CBUF7
Extracting SELB8
Extracting CBUF8
Extracting SELB9
Extracting CBUF9
Extracting SELB10
Extracting CBUF10
Extracting SELB11
Extracting CBUF11
Extracting SELB12
Extracting CBUF12
Extracting SELB13
Extracting CBUF13
Extracting SELB14
Extracting CBUF14
Extracting SELB15
Extracting CBUF15
Extracting SELB16
Extracting CBUF16
Extracting SELB17
Extracting CBUF17
Extracting SELB18
Extracting CBUF18
Extracting SELB19
Extracting CBUF19
Extracting SELB20
Extracting CBUF20
Extracting SELB21
Extracting CBUF21
Extracting SELB22
Extracting CBUF22
Extracting SELB23
Extracting CBUF23
Extracting SELB24
Extracting CBUF24
Extracting SELB25
Extracting CBUF25
Extracting SELB26
Extracting CBUF26
Extracting SELB27
Extracting CBUF27
Extracting SELB28
Extracting CBUF28
Extracting SELB29
Extracting CBUF29
Extracting SELB30
Extracting CBUF30
Extracting SELB31
Extracting CBUF31
Extracting SELB32
Extracting CBUF32
Extracting SELB33
Extracting CBUF33
Extracting SELB34
Extracting CBUF34
Extracting SELB35
Extracting CBUF35
Extracting SELB36
Extracting CBUF36
Extracting SELB37
Extracting CBUF37
Extracting SELB38
Extracting CBUF38
Extracting SELB39
Extracting CBUF39
Extracting SELB40
Extracting CBUF40
Extracting SELB41
Extracting CBUF41
Extracting SELB42
Extracting CBUF42
Extracting SELB43
Extracting CBUF43
Extracting SELB44
Extracting CBUF44
Extracting SELB45
Extracting CBUF45
Extracting SELB46
Extracting CBUF46
Extracting SELB47
Extracting CBUF47
Extracting SELB48
Extracting CBUF48
Extracting SELB49
Extracting CBUF49
Extracting SELB50
Extracting CBUF50
Extracting SELB51
Extracting CBUF51
Extracting SELB52
Extracting CBUF52
Extracting SELB53
Extracting CBUF53
Extracting SELB54
Extracting CBUF54
Extracting SELB55
Extracting CBUF55
Extracting SELB56
Extracting CBUF56
Extracting SELB57
Extracting CBUF57
Extracting SELB58
Extracting CBUF58
Extracting SELB59
Extracting CBUF59
Extracting SELB60
Extracting CBUF60
Extracting SELB61
Extracting CBUF61
Extracting SELB62
Extracting CBUF62
Extracting SELB63
Extracting CBUF63
Extracting SEL0
Extracting SEL1
Extracting SEL2
Extracting SEL3
Extracting SEL4
Extracting SEL5
Extracting SEL6
Extracting SEL7
Extracting SEL8
Extracting SEL9
Extracting SEL10
Extracting SEL11
Extracting SEL12
Extracting SEL13
Extracting SEL14
Extracting SEL15
Extracting SEL16
Extracting SEL17
Extracting SEL18
Extracting SEL19
Extracting SEL20
Extracting SEL21
Extracting SEL22
Extracting SEL23
Extracting SEL24
Extracting SEL25
Extracting SEL26
Extracting SEL27
Extracting SEL28
Extracting SEL29
Extracting SEL30
Extracting SEL31
Extracting SEL32
Extracting SEL33
Extracting SEL34
Extracting SEL35
Extracting SEL36
Extracting SEL37
Extracting SEL38
Extracting SEL39
Extracting SEL40
Extracting SEL41
Extracting SEL42
Extracting SEL43
Extracting SEL44
Extracting SEL45
Extracting SEL46
Extracting SEL47
Extracting SEL48
Extracting SEL49
Extracting SEL50
Extracting SEL51
Extracting SEL52
Extracting SEL53
Extracting SEL54
Extracting SEL55
Extracting SEL56
Extracting SEL57
Extracting SEL58
Extracting SEL59
Extracting SEL60
Extracting SEL61
Extracting SEL62
Extracting SEL63
Extracting PREF
Extracting STORE0
Extracting STORE1
Extracting STORE2
Extracting STORE3
Extracting STORE4
Extracting STORE5
Extracting STORE6
Extracting STORE7
Extracting STORE8
Extracting STORE9
Extracting STORE10
Extracting STORE11
Extracting STORE12
Extracting STORE13
Extracting STORE14
Extracting STORE15
Extracting STORE16
Extracting STORE17
Extracting STORE18
Extracting STORE19
Extracting STORE20
Extracting STORE21
Extracting STORE22
Extracting STORE23
Extracting STORE24
Extracting STORE25
Extracting STORE26
Extracting STORE27
Extracting STORE28
Extracting STORE29
Extracting STORE30
Extracting STORE31
Extracting STORE32
Extracting STORE33
Extracting STORE34
Extracting STORE35
Extracting STORE36
Extracting STORE37
Extracting STORE38
Extracting STORE39
Extracting STORE40
Extracting STORE41
Extracting STORE42
Extracting STORE43
Extracting STORE44
Extracting STORE45
Extracting STORE46
Extracting STORE47
Extracting STORE48
Extracting STORE49
Extracting STORE50
Extracting STORE51
Extracting STORE52
Extracting STORE53
Extracting STORE54
Extracting STORE55
Extracting STORE56
Extracting STORE57
Extracting STORE58
Extracting STORE59
Extracting STORE60
Extracting STORE61
Extracting STORE62
Extracting STORE63
Extracting SCB
Extracting COL0
Extracting COL1
Extracting COL2
Extracting COL3
Extracting COL4
Extracting COL5
Extracting COL6
Extracting COL7
Extracting COL8
Extracting COL9
Extracting COL10
Extracting COL11
Extracting COL12
Extracting COL13
Extracting COL14
Extracting COL15
Extracting COL16
Extracting COL17
Extracting COL18
Extracting COL19
Extracting COL20
Extracting COL21
Extracting COL22
Extracting COL23
Extracting COL24
Extracting COL25
Extracting COL26
Extracting COL27
Extracting COL28
Extracting COL29
Extracting COL30
Extracting COL31
Extracting COL32
Extracting COL33
Extracting COL34
Extracting COL35
Extracting COL36
Extracting COL37
Extracting COL38
Extracting COL39
Extracting COL40
Extracting COL41
Extracting COL42
Extracting COL43
Extracting COL44
Extracting COL45
Extracting COL46
Extracting COL47
Extracting COL48
Extracting COL49
Extracting COL50
Extracting COL51
Extracting COL52
Extracting COL53
Extracting COL54
Extracting COL55
Extracting COL56
Extracting COL57
Extracting COL58
Extracting COL59
Extracting COL60
Extracting COL61
Extracting COL62
Extracting COL63
Extracting SC
Extracting BIAS
Extracting RST0
Extracting VRESET
Extracting ROW0
Total Nets: 458
Nets extracted: 458 (1.000000)
Nets output: 458 (1.000000)
exttospice finished.
exttospice finished.
The selected label is already a port.
Do "port help" to get a list of options.
The selected label is already a port.
Do "port help" to get a list of options.
The selected label is already a port.
Do "port help" to get a list of options.
The selected label is already a port.
Do "port help" to get a list of options.
The selected label is already a port.
Do "port help" to get a list of options.
The selected label is already a port.
Do "port help" to get a list of options.
The selected label is already a port.
Do "port help" to get a list of options.
The selected label is already a port.
Do "port help" to get a list of options.
The selected label is already a port.
Do "port help" to get a list of options.
The selected label is already a port.
Do "port help" to get a list of options.
The selected label is already a port.
Do "port help" to get a list of options.
The selected label is already a port.
Do "port help" to get a list of options.
The selected label is already a port.
Do "port help" to get a list of options.
The selected label is already a port.
Do "port help" to get a list of options.
The selected label is already a port.
Do "port help" to get a list of options.
The selected label is already a port.
Do "port help" to get a list of options.
The selected label is already a port.
Do "port help" to get a list of options.
The selected label is already a port.
Do "port help" to get a list of options.
The selected label is already a port.
Do "port help" to get a list of options.
The selected label is already a port.
Do "port help" to get a list of options.
The selected label is already a port.
Do "port help" to get a list of options.
The selected label is already a port.
Do "port help" to get a list of options.
The selected label is already a port.
Do "port help" to get a list of options.
The selected label is already a port.
Do "port help" to get a list of options.
The selected label is already a port.
Do "port help" to get a list of options.
The selected label is already a port.
Do "port help" to get a list of options.
The selected label is already a port.
Do "port help" to get a list of options.
The selected label is already a port.
Do "port help" to get a list of options.
The selected label is already a port.
Do "port help" to get a list of options.
The selected label is already a port.
Do "port help" to get a list of options.
The selected label is already a port.
Do "port help" to get a list of options.
The selected label is already a port.
Do "port help" to get a list of options.
The selected label is already a port.
Do "port help" to get a list of options.
The selected label is already a port.
Do "port help" to get a list of options.
The selected label is already a port.
Do "port help" to get a list of options.
The selected label is already a port.
Do "port help" to get a list of options.
The selected label is already a port.
Do "port help" to get a list of options.
The selected label is already a port.
Do "port help" to get a list of options.
The selected label is already a port.
Do "port help" to get a list of options.
The selected label is already a port.
Do "port help" to get a list of options.
The selected label is already a port.
Do "port help" to get a list of options.
The selected label is already a port.
Do "port help" to get a list of options.
The selected label is already a port.
Do "port help" to get a list of options.
The selected label is already a port.
Do "port help" to get a list of options.
The selected label is already a port.
Do "port help" to get a list of options.
The selected label is already a port.
Do "port help" to get a list of options.
The selected label is already a port.
Do "port help" to get a list of options.
The selected label is already a port.
Do "port help" to get a list of options.
The selected label is already a port.
Do "port help" to get a list of options.
The selected label is already a port.
Do "port help" to get a list of options.
The selected label is already a port.
Do "port help" to get a list of options.
The selected label is already a port.
Do "port help" to get a list of options.
The selected label is already a port.
Do "port help" to get a list of options.
The selected label is already a port.
Do "port help" to get a list of options.
The selected label is already a port.
Do "port help" to get a list of options.
The selected label is already a port.
Do "port help" to get a list of options.
The selected label is already a port.
Do "port help" to get a list of options.
The selected label is already a port.
Do "port help" to get a list of options.
The selected label is already a port.
Do "port help" to get a list of options.
The selected label is already a port.
Do "port help" to get a list of options.
The selected label is already a port.
Do "port help" to get a list of options.
The selected label is already a port.
Do "port help" to get a list of options.
The selected label is already a port.
Do "port help" to get a list of options.
The selected label is already a port.
Do "port help" to get a list of options.
The selected label is already a port.
Do "port help" to get a list of options.
The selected label is already a port.
Do "port help" to get a list of options.
The selected label is already a port.
Do "port help" to get a list of options.
The selected label is already a port.
Do "port help" to get a list of options.
The selected label is already a port.
Do "port help" to get a list of options.
The selected label is already a port.
Do "port help" to get a list of options.
The selected label is already a port.
Do "port help" to get a list of options.
The selected label is already a port.
Do "port help" to get a list of options.
The selected label is already a port.
Do "port help" to get a list of options.
The selected label is already a port.
Do "port help" to get a list of options.
The selected label is already a port.
Do "port help" to get a list of options.
The selected label is already a port.
Do "port help" to get a list of options.
The selected label is already a port.
Do "port help" to get a list of options.
The selected label is already a port.
Do "port help" to get a list of options.
The selected label is already a port.
Do "port help" to get a list of options.
The selected label is already a port.
Do "port help" to get a list of options.
The selected label is already a port.
Do "port help" to get a list of options.
The selected label is already a port.
Do "port help" to get a list of options.
The selected label is already a port.
Do "port help" to get a list of options.
The selected label is already a port.
Do "port help" to get a list of options.
The selected label is already a port.
Do "port help" to get a list of options.
The selected label is already a port.
Do "port help" to get a list of options.
The selected label is already a port.
Do "port help" to get a list of options.
The selected label is already a port.
Do "port help" to get a list of options.
The selected label is already a port.
Do "port help" to get a list of options.
The selected label is already a port.
Do "port help" to get a list of options.
The selected label is already a port.
Do "port help" to get a list of options.
The selected label is already a port.
Do "port help" to get a list of options.
The selected label is already a port.
Do "port help" to get a list of options.
The selected label is already a port.
Do "port help" to get a list of options.
The selected label is already a port.
Do "port help" to get a list of options.
The selected label is already a port.
Do "port help" to get a list of options.
The selected label is already a port.
Do "port help" to get a list of options.
The selected label is already a port.
Do "port help" to get a list of options.
The selected label is already a port.
Do "port help" to get a list of options.
The selected label is already a port.
Do "port help" to get a list of options.
The selected label is already a port.
Do "port help" to get a list of options.
The selected label is already a port.
Do "port help" to get a list of options.
The selected label is already a port.
Do "port help" to get a list of options.
The selected label is already a port.
Do "port help" to get a list of options.
The selected label is already a port.
Do "port help" to get a list of options.
The selected label is already a port.
Do "port help" to get a list of options.
The selected label is already a port.
Do "port help" to get a list of options.
The selected label is already a port.
Do "port help" to get a list of options.
The selected label is already a port.
Do "port help" to get a list of options.
The selected label is already a port.
Do "port help" to get a list of options.
The selected label is already a port.
Do "port help" to get a list of options.
The selected label is already a port.
Do "port help" to get a list of options.
The selected label is already a port.
Do "port help" to get a list of options.
The selected label is already a port.
Do "port help" to get a list of options.
The selected label is already a port.
Do "port help" to get a list of options.
The selected label is already a port.
Do "port help" to get a list of options.
The selected label is already a port.
Do "port help" to get a list of options.
The selected label is already a port.
Do "port help" to get a list of options.
The selected label is already a port.
Do "port help" to get a list of options.
The selected label is already a port.
Do "port help" to get a list of options.
The selected label is already a port.
Do "port help" to get a list of options.
The selected label is already a port.
Do "port help" to get a list of options.
The selected label is already a port.
Do "port help" to get a list of options.
The selected label is already a port.
Do "port help" to get a list of options.
The selected label is already a port.
Do "port help" to get a list of options.
The selected label is already a port.
Do "port help" to get a list of options.
The selected label is already a port.
Do "port help" to get a list of options.
The selected label is already a port.
Do "port help" to get a list of options.
The selected label is already a port.
Do "port help" to get a list of options.
The selected label is already a port.
Do "port help" to get a list of options.
The selected label is already a port.
Do "port help" to get a list of options.
The selected label is already a port.
Do "port help" to get a list of options.
The selected label is already a port.
Do "port help" to get a list of options.
The selected label is already a port.
Do "port help" to get a list of options.
The selected label is already a port.
Do "port help" to get a list of options.
The selected label is already a port.
Do "port help" to get a list of options.
The selected label is already a port.
Do "port help" to get a list of options.
The selected label is already a port.
Do "port help" to get a list of options.
The selected label is already a port.
Do "port help" to get a list of options.
The selected label is already a port.
Do "port help" to get a list of options.
The selected label is already a port.
Do "port help" to get a list of options.
The selected label is already a port.
Do "port help" to get a list of options.
The selected label is already a port.
Do "port help" to get a list of options.
The selected label is already a port.
Do "port help" to get a list of options.
The selected label is already a port.
Do "port help" to get a list of options.
The selected label is already a port.
Do "port help" to get a list of options.
The selected label is already a port.
Do "port help" to get a list of options.
The selected label is already a port.
Do "port help" to get a list of options.
The selected label is already a port.
Do "port help" to get a list of options.
The selected label is already a port.
Do "port help" to get a list of options.
The selected label is already a port.
Do "port help" to get a list of options.
The selected label is already a port.
Do "port help" to get a list of options.
The selected label is already a port.
Do "port help" to get a list of options.
The selected label is already a port.
Do "port help" to get a list of options.
The selected label is already a port.
Do "port help" to get a list of options.
The selected label is already a port.
Do "port help" to get a list of options.
The selected label is already a port.
Do "port help" to get a list of options.
The selected label is already a port.
Do "port help" to get a list of options.
The selected label is already a port.
Do "port help" to get a list of options.
The selected label is already a port.
Do "port help" to get a list of options.
The selected label is already a port.
Do "port help" to get a list of options.
The selected label is already a port.
Do "port help" to get a list of options.
The selected label is already a port.
Do "port help" to get a list of options.
The selected label is already a port.
Do "port help" to get a list of options.
The selected label is already a port.
Do "port help" to get a list of options.
The selected label is already a port.
Do "port help" to get a list of options.
The selected label is already a port.
Do "port help" to get a list of options.
The selected label is already a port.
Do "port help" to get a list of options.
The selected label is already a port.
Do "port help" to get a list of options.
The selected label is already a port.
Do "port help" to get a list of options.
The selected label is already a port.
Do "port help" to get a list of options.
The selected label is already a port.
Do "port help" to get a list of options.
The selected label is already a port.
Do "port help" to get a list of options.
The selected label is already a port.
Do "port help" to get a list of options.
The selected label is already a port.
Do "port help" to get a list of options.
The selected label is already a port.
Do "port help" to get a list of options.
The selected label is already a port.
Do "port help" to get a list of options.
The selected label is already a port.
Do "port help" to get a list of options.
The selected label is already a port.
Do "port help" to get a list of options.
The selected label is already a port.
Do "port help" to get a list of options.
The selected label is already a port.
Do "port help" to get a list of options.
The selected label is already a port.
Do "port help" to get a list of options.
The selected label is already a port.
Do "port help" to get a list of options.
The selected label is already a port.
Do "port help" to get a list of options.
The selected label is already a port.
Do "port help" to get a list of options.
The selected label is already a port.
Do "port help" to get a list of options.
The selected label is already a port.
Do "port help" to get a list of options.
The selected label is already a port.
Do "port help" to get a list of options.
The selected label is already a port.
Do "port help" to get a list of options.
The selected label is already a port.
Do "port help" to get a list of options.
The selected label is already a port.
Do "port help" to get a list of options.
The selected label is already a port.
Do "port help" to get a list of options.
The selected label is already a port.
Do "port help" to get a list of options.
The selected label is already a port.
Do "port help" to get a list of options.
The selected label is already a port.
Do "port help" to get a list of options.
The selected label is already a port.
Do "port help" to get a list of options.
The selected label is already a port.
Do "port help" to get a list of options.
The selected label is already a port.
Do "port help" to get a list of options.
The selected label is already a port.
Do "port help" to get a list of options.
The selected label is already a port.
Do "port help" to get a list of options.
The selected label is already a port.
Do "port help" to get a list of options.
The selected label is already a port.
Do "port help" to get a list of options.
The selected label is already a port.
Do "port help" to get a list of options.
The selected label is already a port.
Do "port help" to get a list of options.
The selected label is already a port.
Do "port help" to get a list of options.
The selected label is already a port.
Do "port help" to get a list of options.
The selected label is already a port.
Do "port help" to get a list of options.
The selected label is already a port.
Do "port help" to get a list of options.
The selected label is already a port.
Do "port help" to get a list of options.
The selected label is already a port.
Do "port help" to get a list of options.
The selected label is already a port.
Do "port help" to get a list of options.
The selected label is already a port.
Do "port help" to get a list of options.
The selected label is already a port.
Do "port help" to get a list of options.
The selected label is already a port.
Do "port help" to get a list of options.
The selected label is already a port.
Do "port help" to get a list of options.
The selected label is already a port.
Do "port help" to get a list of options.
The selected label is already a port.
Do "port help" to get a list of options.
The selected label is already a port.
Do "port help" to get a list of options.
The selected label is already a port.
Do "port help" to get a list of options.
The selected label is already a port.
Do "port help" to get a list of options.
The selected label is already a port.
Do "port help" to get a list of options.
The selected label is already a port.
Do "port help" to get a list of options.
The selected label is already a port.
Do "port help" to get a list of options.
The selected label is already a port.
Do "port help" to get a list of options.
The selected label is already a port.
Do "port help" to get a list of options.
The selected label is already a port.
Do "port help" to get a list of options.
The selected label is already a port.
Do "port help" to get a list of options.
The selected label is already a port.
Do "port help" to get a list of options.
The selected label is already a port.
Do "port help" to get a list of options.
The selected label is already a port.
Do "port help" to get a list of options.
The selected label is already a port.
Do "port help" to get a list of options.
The selected label is already a port.
Do "port help" to get a list of options.
The selected label is already a port.
Do "port help" to get a list of options.
The selected label is already a port.
Do "port help" to get a list of options.
The selected label is already a port.
Do "port help" to get a list of options.
The selected label is already a port.
Do "port help" to get a list of options.
The selected label is already a port.
Do "port help" to get a list of options.
The selected label is already a port.
Do "port help" to get a list of options.
The selected label is already a port.
Do "port help" to get a list of options.
The selected label is already a port.
Do "port help" to get a list of options.
The selected label is already a port.
Do "port help" to get a list of options.
The selected label is already a port.
Do "port help" to get a list of options.
The selected label is already a port.
Do "port help" to get a list of options.
The selected label is already a port.
Do "port help" to get a list of options.
The selected label is already a port.
Do "port help" to get a list of options.
The selected label is already a port.
Do "port help" to get a list of options.
The selected label is already a port.
Do "port help" to get a list of options.
The selected label is already a port.
Do "port help" to get a list of options.
The selected label is already a port.
Do "port help" to get a list of options.
The selected label is already a port.
Do "port help" to get a list of options.
The selected label is already a port.
Do "port help" to get a list of options.
The selected label is already a port.
Do "port help" to get a list of options.
The selected label is already a port.
Do "port help" to get a list of options.
The selected label is already a port.
Do "port help" to get a list of options.
The selected label is already a port.
Do "port help" to get a list of options.
The selected label is already a port.
Do "port help" to get a list of options.
The selected label is already a port.
Do "port help" to get a list of options.
The selected label is already a port.
Do "port help" to get a list of options.
The selected label is already a port.
Do "port help" to get a list of options.
The selected label is already a port.
Do "port help" to get a list of options.
The selected label is already a port.
Do "port help" to get a list of options.
The selected label is already a port.
Do "port help" to get a list of options.
The selected label is already a port.
Do "port help" to get a list of options.
The selected label is already a port.
Do "port help" to get a list of options.
The selected label is already a port.
Do "port help" to get a list of options.
The selected label is already a port.
Do "port help" to get a list of options.
The selected label is already a port.
Do "port help" to get a list of options.
The selected label is already a port.
Do "port help" to get a list of options.
The selected label is already a port.
Do "port help" to get a list of options.
The selected label is already a port.
Do "port help" to get a list of options.
The selected label is already a port.
Do "port help" to get a list of options.
The selected label is already a port.
Do "port help" to get a list of options.
The selected label is already a port.
Do "port help" to get a list of options.
The selected label is already a port.
Do "port help" to get a list of options.
The selected label is already a port.
Do "port help" to get a list of options.
The selected label is already a port.
Do "port help" to get a list of options.
The selected label is already a port.
Do "port help" to get a list of options.
The selected label is already a port.
Do "port help" to get a list of options.
The selected label is already a port.
Do "port help" to get a list of options.
The selected label is already a port.
Do "port help" to get a list of options.
The selected label is already a port.
Do "port help" to get a list of options.
The selected label is already a port.
Do "port help" to get a list of options.
The selected label is already a port.
Do "port help" to get a list of options.
The selected label is already a port.
Do "port help" to get a list of options.
The selected label is already a port.
Do "port help" to get a list of options.
The selected label is already a port.
Do "port help" to get a list of options.
The selected label is already a port.
Do "port help" to get a list of options.
The selected label is already a port.
Do "port help" to get a list of options.
The selected label is already a port.
Do "port help" to get a list of options.
The selected label is already a port.
Do "port help" to get a list of options.
The selected label is already a port.
Do "port help" to get a list of options.
The selected label is already a port.
Do "port help" to get a list of options.
The selected label is already a port.
Do "port help" to get a list of options.
The selected label is already a port.
Do "port help" to get a list of options.
The selected label is already a port.
Do "port help" to get a list of options.
The selected label is already a port.
Do "port help" to get a list of options.
The selected label is already a port.
Do "port help" to get a list of options.
The selected label is already a port.
Do "port help" to get a list of options.
The selected label is already a port.
Do "port help" to get a list of options.
The selected label is already a port.
Do "port help" to get a list of options.
The selected label is already a port.
Do "port help" to get a list of options.
The selected label is already a port.
Do "port help" to get a list of options.
The selected label is already a port.
Do "port help" to get a list of options.
The selected label is already a port.
Do "port help" to get a list of options.
The selected label is already a port.
Do "port help" to get a list of options.
The selected label is already a port.
Do "port help" to get a list of options.
The selected label is already a port.
Do "port help" to get a list of options.
The selected label is already a port.
Do "port help" to get a list of options.
The selected label is already a port.
Do "port help" to get a list of options.
The selected label is already a port.
Do "port help" to get a list of options.
The selected label is already a port.
Do "port help" to get a list of options.
The selected label is already a port.
Do "port help" to get a list of options.
The selected label is already a port.
Do "port help" to get a list of options.
The selected label is already a port.
Do "port help" to get a list of options.
The selected label is already a port.
Do "port help" to get a list of options.
The selected label is already a port.
Do "port help" to get a list of options.
The selected label is already a port.
Do "port help" to get a list of options.
The selected label is already a port.
Do "port help" to get a list of options.
The selected label is already a port.
Do "port help" to get a list of options.
The selected label is already a port.
Do "port help" to get a list of options.
The selected label is already a port.
Do "port help" to get a list of options.
The selected label is already a port.
Do "port help" to get a list of options.
The selected label is already a port.
Do "port help" to get a list of options.
The selected label is already a port.
Do "port help" to get a list of options.
The selected label is already a port.
Do "port help" to get a list of options.
The selected label is already a port.
Do "port help" to get a list of options.
The selected label is already a port.
Do "port help" to get a list of options.
The selected label is already a port.
Do "port help" to get a list of options.
The selected label is already a port.
Do "port help" to get a list of options.
The selected label is already a port.
Do "port help" to get a list of options.
