2026-09-27 16:48:54 +0200: Memory Usage (673928K) : Starting running GF180MCU Klayout DRC runset on /foss/designs/build/compact-bank-c64-ground-grid-20260927/bank.gds
2026-09-27 16:48:54 +0200: Memory Usage (673928K) : Ruby Version for klayout: 3.2.3
2026-09-27 16:48:54 +0200: Memory Usage (674796K) : Input file: /foss/designs/build/compact-bank-c64-ground-grid-20260927/bank.gds
2026-09-27 16:48:54 +0200: Memory Usage (674796K) : DRC Run Report: /foss/designs/build/compact-bank-c64-ground-grid-20260927/main-drc.lyrdb
2026-09-27 16:48:54 +0200: Memory Usage (674796K) : MIM Option selected: B
2026-09-27 16:48:54 +0200: Memory Usage (674796K) : Verbose enabled: false
2026-09-27 16:48:54 +0200: Memory Usage (674796K) : Number of parallel workers: 1
2026-09-27 16:48:54 +0200: Memory Usage (674796K) : Number of threads for DRC functions: 2
2026-09-27 16:48:54 +0200: Memory Usage (674796K) : Run mode: deep
2026-09-27 16:48:54 +0200: Memory Usage (674796K) : metal_top selected: 11K
2026-09-27 16:48:54 +0200: Memory Usage (674796K) : metal_level selected: 5LM
2026-09-27 16:48:54 +0200: Memory Usage (674796K) : Selected decks: V1.1, V1.2a, V1.2b, V1.3a, V1.3c, V1.3d, V1.4a, V1.4b, V1.4c, V2.1, V2.2a, V2.2b, V2.3b, V2.3c, V2.3d, V2.4a, V2.4b, V2.4c, V3.1, V3.2a, V3.2b, V3.3b, V3.3c, V3.3d, V3.4a, V3.4b, V3.4c, V4.1, V4.2a, V4.2b, V4.3b, V4.3c, V4.3d, V4.4a, V4.4b, V4.4c, V5.1, V5.2a, V5.2b, V5.3b, V5.3c, V5.3d, V5.4a, V5.4b, V5.4c, geom_base_1, geom_base_2, geom_dbu, geom_m1m2, geom_m3, geom_m4, geom_m5, geom_metaltop, geom_topmarkers, CO.10_no_contact_on_poly_gate, CO.11_no_contact_on_field_oxide, CO.1_min_max_contact_size, CO.2a_min_contact_spacing, CO.2b_contact_array_spacing, CO.3_poly2_overlap, CO.4_comp_overlap, CO.5a_nplus_overlap_butted, CO.5b_pplus_overlap_butted, CO.6_metal1_overlap, CO.6a_metal1_eol_overlap, CO.6b_adjacent_edge_overlap, CO.7_comp_to_poly_spacing, CO.8_poly_to_comp_spacing, CO.9_no_contact_on_butting_edge, df_10, df_11, df_12, df_13_lv, df_13_mv, df_14_lv, df_14_mv, df_16_lv, df_16_mv, df_17_lv, df_17_mv, df_18, df_19_lv, df_19_mv, df_1a_lv, df_1a_mv, df_1c, df_2a_lv, df_2a_mv, df_2b, df_3a_lv, df_3a_mv, df_3b, df_3c_lv, df_3c_mv, df_4a_lv, df_4a_mv, df_4b_lv, df_4b_mv, df_4c_lv, df_4c_mv, df_4d_lv, df_4d_mv, df_4e_lv, df_4e_mv, df_5_lv, df_5_mv, df_6_lv, df_6_mv, df_7_lv, df_7_mv, df_8_lv, df_8_mv, df_9, dnwell, drc_bjt, dualgate, dummy_comp, dummy_exclude, dummy_metal1, dummy_metal2, dummy_metal3, dummy_metal4, dummy_metal5, dummy_metal6, dummy_poly2, efuse, esd, guard_ring, guard_ring_wedge, hres, ldnmos, ldpmos, lres, lvpwell, lvs_bjt, mcell, metal1, metal2, metal3, metal4, metal5, metaltop, metaltop_30k, mim_a, mim_b, mslot1, mslot2, mslot3, mslot4, mslot5, mslot6, nat, nplus, nwell, otp_mk, poly2, pplus, pres, sab, sram_3p3, sram_5p0, ymtp_mk
2026-09-27 16:48:55 +0200: Memory Usage (773836K) : Total area of the design is 2854087.326 um^2.
2026-09-27 16:48:55 +0200: Memory Usage (773836K) : Read in polygons from layers
2026-09-27 16:48:55 +0200: Memory Usage (773836K) : comp has 5130 polygons
2026-09-27 16:48:55 +0200: Memory Usage (773836K) : dnwell has 0 polygons
2026-09-27 16:48:55 +0200: Memory Usage (773836K) : nwell has 257 polygons
2026-09-27 16:48:55 +0200: Memory Usage (773836K) : lvpwell has 769 polygons
2026-09-27 16:48:55 +0200: Memory Usage (773836K) : dualgate has 0 polygons
2026-09-27 16:48:55 +0200: Memory Usage (773836K) : poly2 has 962 polygons
2026-09-27 16:48:55 +0200: Memory Usage (773836K) : nplus has 3207 polygons
2026-09-27 16:48:55 +0200: Memory Usage (773836K) : pplus has 7051 polygons
2026-09-27 16:48:55 +0200: Memory Usage (773836K) : sab has 0 polygons
2026-09-27 16:48:55 +0200: Memory Usage (773836K) : esd has 0 polygons
2026-09-27 16:48:55 +0200: Memory Usage (773836K) : resistor has 0 polygons
2026-09-27 16:48:55 +0200: Memory Usage (773836K) : fhres has 0 polygons
2026-09-27 16:48:55 +0200: Memory Usage (773836K) : fusetop has 512 polygons
2026-09-27 16:48:55 +0200: Memory Usage (773836K) : fusewindow_d has 0 polygons
2026-09-27 16:48:55 +0200: Memory Usage (773836K) : polyfuse has 0 polygons
2026-09-27 16:48:55 +0200: Memory Usage (773836K) : mvsd has 0 polygons
2026-09-27 16:48:55 +0200: Memory Usage (773836K) : mvpsd has 0 polygons
2026-09-27 16:48:55 +0200: Memory Usage (773836K) : nat has 0 polygons
2026-09-27 16:48:55 +0200: Memory Usage (773836K) : comp_dummy has 0 polygons
2026-09-27 16:48:55 +0200: Memory Usage (773836K) : poly2_dummy has 0 polygons
2026-09-27 16:48:55 +0200: Memory Usage (773836K) : schottky_diode has 0 polygons
2026-09-27 16:48:55 +0200: Memory Usage (773836K) : zener has 0 polygons
2026-09-27 16:48:55 +0200: Memory Usage (773836K) : res_mk has 0 polygons
2026-09-27 16:48:55 +0200: Memory Usage (773836K) : opc_drc has 0 polygons
2026-09-27 16:48:55 +0200: Memory Usage (773836K) : v5_xtor has 0 polygons
2026-09-27 16:48:55 +0200: Memory Usage (773836K) : cap_mk has 512 polygons
2026-09-27 16:48:55 +0200: Memory Usage (773836K) : mos_cap_mk has 0 polygons
2026-09-27 16:48:55 +0200: Memory Usage (773836K) : ind_mk has 0 polygons
2026-09-27 16:48:55 +0200: Memory Usage (773836K) : diode_mk has 64 polygons
2026-09-27 16:48:55 +0200: Memory Usage (773836K) : drc_bjt has 0 polygons
2026-09-27 16:48:55 +0200: Memory Usage (773836K) : lvs_bjt has 0 polygons
2026-09-27 16:48:55 +0200: Memory Usage (773836K) : mim_l_mk has 0 polygons
2026-09-27 16:48:55 +0200: Memory Usage (773836K) : latchup_mk has 0 polygons
2026-09-27 16:48:55 +0200: Memory Usage (773836K) : guard_ring_mk has 0 polygons
2026-09-27 16:48:55 +0200: Memory Usage (773836K) : otp_mk has 0 polygons
2026-09-27 16:48:55 +0200: Memory Usage (773836K) : mtpmark has 0 polygons
2026-09-27 16:48:55 +0200: Memory Usage (773836K) : neo_ee_mk has 0 polygons
2026-09-27 16:48:56 +0200: Memory Usage (773836K) : sramcore has 0 polygons
2026-09-27 16:48:56 +0200: Memory Usage (773836K) : lvs_rf has 0 polygons
2026-09-27 16:48:56 +0200: Memory Usage (773836K) : lvs_drain has 0 polygons
2026-09-27 16:48:56 +0200: Memory Usage (773836K) : hvpolyrs has 0 polygons
2026-09-27 16:48:56 +0200: Memory Usage (773836K) : lvs_io has 0 polygons
2026-09-27 16:48:56 +0200: Memory Usage (773836K) : probe_mk has 0 polygons
2026-09-27 16:48:56 +0200: Memory Usage (773836K) : esd_mk has 0 polygons
2026-09-27 16:48:56 +0200: Memory Usage (773836K) : lvs_source has 0 polygons
2026-09-27 16:48:56 +0200: Memory Usage (773836K) : well_diode_mk has 0 polygons
2026-09-27 16:48:56 +0200: Memory Usage (773836K) : ldmos_xtor has 0 polygons
2026-09-27 16:48:56 +0200: Memory Usage (773836K) : plfuse has 0 polygons
2026-09-27 16:48:56 +0200: Memory Usage (773836K) : efuse_mk has 0 polygons
2026-09-27 16:48:56 +0200: Memory Usage (773836K) : mcell_feol_mk has 0 polygons
2026-09-27 16:48:56 +0200: Memory Usage (773836K) : ymtp_mk has 0 polygons
2026-09-27 16:48:56 +0200: Memory Usage (773836K) : dev_wf_mk has 0 polygons
2026-09-27 16:48:56 +0200: Memory Usage (773836K) : comp_label has 0 polygons
2026-09-27 16:48:56 +0200: Memory Usage (773836K) : poly2_label has 0 polygons
2026-09-27 16:48:56 +0200: Memory Usage (773836K) : mdiode has 0 polygons
2026-09-27 16:48:56 +0200: Memory Usage (773836K) : ndmy has 0 polygons
2026-09-27 16:48:56 +0200: Memory Usage (773836K) : pmndmy has 0 polygons
2026-09-27 16:48:56 +0200: Memory Usage (773836K) : pad has 0 polygons
2026-09-27 16:48:56 +0200: Memory Usage (773836K) : ubmpperi has 0 polygons
2026-09-27 16:48:56 +0200: Memory Usage (773836K) : ubmparray has 0 polygons
2026-09-27 16:48:56 +0200: Memory Usage (773836K) : ubmeplate has 0 polygons
2026-09-27 16:48:56 +0200: Memory Usage (773836K) : pr_bndry has 0 polygons
2026-09-27 16:48:56 +0200: Memory Usage (773836K) : border has 0 polygons
2026-09-27 16:48:56 +0200: Memory Usage (773836K) : contact has 49428 polygons
2026-09-27 16:48:56 +0200: Memory Usage (773836K) : metal1_drawn has 11288 polygons
2026-09-27 16:48:56 +0200: Memory Usage (773836K) : metal1_slot has 0 polygons
2026-09-27 16:48:56 +0200: Memory Usage (773836K) : metal1_dummy has 0 polygons
2026-09-27 16:48:56 +0200: Memory Usage (773836K) : metal1_label has 0 polygons
2026-09-27 16:48:56 +0200: Memory Usage (773836K) : metal1_blk has 0 polygons
2026-09-27 16:48:56 +0200: Memory Usage (773836K) : metal1_res has 0 polygons
2026-09-27 16:48:56 +0200: Memory Usage (773836K) : via1 has 3080 polygons
2026-09-27 16:48:56 +0200: Memory Usage (773836K) : metal2_drawn has 11104 polygons
2026-09-27 16:48:56 +0200: Memory Usage (773836K) : metal2_slot has 0 polygons
2026-09-27 16:48:56 +0200: Memory Usage (773836K) : metal2_dummy has 0 polygons
2026-09-27 16:48:56 +0200: Memory Usage (773836K) : metal2_blk has 0 polygons
2026-09-27 16:48:56 +0200: Memory Usage (773836K) : metal2_label has 0 polygons
2026-09-27 16:48:56 +0200: Memory Usage (773836K) : metal2_res has 0 polygons
2026-09-27 16:48:56 +0200: Memory Usage (773836K) : via2 has 4234 polygons
2026-09-27 16:48:56 +0200: Memory Usage (773836K) : metal3_drawn has 6742 polygons
2026-09-27 16:48:56 +0200: Memory Usage (773836K) : metal3_slot has 0 polygons
2026-09-27 16:48:56 +0200: Memory Usage (773836K) : metal3_dummy has 0 polygons
2026-09-27 16:48:56 +0200: Memory Usage (773836K) : metal3_blk has 0 polygons
2026-09-27 16:48:56 +0200: Memory Usage (773836K) : metal3_label has 0 polygons
2026-09-27 16:48:56 +0200: Memory Usage (773836K) : metal3_res has 0 polygons
2026-09-27 16:48:56 +0200: Memory Usage (773836K) : via3 has 710 polygons
2026-09-27 16:48:56 +0200: Memory Usage (773836K) : metal4_drawn has 1748 polygons
2026-09-27 16:48:56 +0200: Memory Usage (773836K) : metal4_slot has 0 polygons
2026-09-27 16:48:56 +0200: Memory Usage (773836K) : metal4_dummy has 0 polygons
2026-09-27 16:48:56 +0200: Memory Usage (773836K) : metal4_blk has 0 polygons
2026-09-27 16:48:56 +0200: Memory Usage (773836K) : metal4_label has 0 polygons
2026-09-27 16:48:56 +0200: Memory Usage (773836K) : metal4_res has 0 polygons
2026-09-27 16:48:58 +0200: Memory Usage (830908K) : via4 has 2197824 polygons
2026-09-27 16:48:58 +0200: Memory Usage (831052K) : metal5_drawn has 1536 polygons
2026-09-27 16:48:58 +0200: Memory Usage (831052K) : metal5_slot has 0 polygons
2026-09-27 16:48:58 +0200: Memory Usage (831052K) : metal5_dummy has 0 polygons
2026-09-27 16:48:58 +0200: Memory Usage (831052K) : metal5_blk has 0 polygons
2026-09-27 16:48:58 +0200: Memory Usage (831052K) : metal5_label has 0 polygons
2026-09-27 16:48:58 +0200: Memory Usage (831052K) : metal5_res has 0 polygons
2026-09-27 16:48:58 +0200: Memory Usage (1127748K) : Rule requiring connectivity detected, constructing connectivity for the design.
2026-09-27 16:48:58 +0200: Memory Usage (1127748K) : Connectivity rules enabled, Netlist object will be generated.
2026-09-27 16:49:15 +0200: Memory Usage (1430796K) : # Setup took 20.542133153 seconds
2026-09-27 16:49:15 +0200: Memory Usage (1430796K) : Starting GF180MCU DRC rules.
2026-09-27 16:49:15 +0200: Memory Usage (1430796K) : Starting DRC: executing 162 deck(s).
2026-09-27 16:49:15 +0200: Memory Usage (1430796K) : Executing deck V1.1 from /foss/pdks/gf180mcuD/libs.tech/klayout/tech/drc/rule_decks/via.rb
2026-09-27 16:49:15 +0200: Memory Usage (1430796K) : Executing rule V1.1
2026-09-27 16:49:15 +0200: Memory Usage (1430796K) : Executing deck V1.2a from /foss/pdks/gf180mcuD/libs.tech/klayout/tech/drc/rule_decks/via.rb
2026-09-27 16:49:15 +0200: Memory Usage (1430796K) : Executing rule V1.2a
2026-09-27 16:49:15 +0200: Memory Usage (1430796K) : Executing deck V1.2b from /foss/pdks/gf180mcuD/libs.tech/klayout/tech/drc/rule_decks/via.rb
2026-09-27 16:49:15 +0200: Memory Usage (1430796K) : Executing rule V1.2b
2026-09-27 16:49:15 +0200: Memory Usage (1430796K) : Executing deck V1.3a from /foss/pdks/gf180mcuD/libs.tech/klayout/tech/drc/rule_decks/via.rb
2026-09-27 16:49:15 +0200: Memory Usage (1430796K) : Executing rule V1.3a
2026-09-27 16:49:15 +0200: Memory Usage (1430796K) : Executing deck V1.3c from /foss/pdks/gf180mcuD/libs.tech/klayout/tech/drc/rule_decks/via.rb
2026-09-27 16:49:15 +0200: Memory Usage (1430796K) : Executing rule V1.3c
2026-09-27 16:49:15 +0200: Memory Usage (1430796K) : Executing deck V1.3d from /foss/pdks/gf180mcuD/libs.tech/klayout/tech/drc/rule_decks/via.rb
2026-09-27 16:49:15 +0200: Memory Usage (1430796K) : Executing rule V1.3d
2026-09-27 16:49:16 +0200: Memory Usage (1430796K) : Executing deck V1.4a from /foss/pdks/gf180mcuD/libs.tech/klayout/tech/drc/rule_decks/via.rb
2026-09-27 16:49:16 +0200: Memory Usage (1430796K) : Executing rule V1.4a
2026-09-27 16:49:16 +0200: Memory Usage (1430796K) : Executing deck V1.4b from /foss/pdks/gf180mcuD/libs.tech/klayout/tech/drc/rule_decks/via.rb
2026-09-27 16:49:16 +0200: Memory Usage (1430796K) : Executing rule V1.4b
2026-09-27 16:49:16 +0200: Memory Usage (1430796K) : Executing deck V1.4c from /foss/pdks/gf180mcuD/libs.tech/klayout/tech/drc/rule_decks/via.rb
2026-09-27 16:49:16 +0200: Memory Usage (1430796K) : Executing rule V1.4c
2026-09-27 16:49:16 +0200: Memory Usage (1430796K) : Executing deck V2.1 from /foss/pdks/gf180mcuD/libs.tech/klayout/tech/drc/rule_decks/via.rb
2026-09-27 16:49:16 +0200: Memory Usage (1430796K) : Executing rule V2.1
2026-09-27 16:49:16 +0200: Memory Usage (1430796K) : Executing deck V2.2a from /foss/pdks/gf180mcuD/libs.tech/klayout/tech/drc/rule_decks/via.rb
2026-09-27 16:49:16 +0200: Memory Usage (1430796K) : Executing rule V2.2a
2026-09-27 16:49:16 +0200: Memory Usage (1430796K) : Executing deck V2.2b from /foss/pdks/gf180mcuD/libs.tech/klayout/tech/drc/rule_decks/via.rb
2026-09-27 16:49:16 +0200: Memory Usage (1430796K) : Executing rule V2.2b
2026-09-27 16:49:16 +0200: Memory Usage (1430796K) : Executing deck V2.3b from /foss/pdks/gf180mcuD/libs.tech/klayout/tech/drc/rule_decks/via.rb
2026-09-27 16:49:16 +0200: Memory Usage (1430796K) : Executing rule V2.3b
2026-09-27 16:49:16 +0200: Memory Usage (1430796K) : Executing deck V2.3c from /foss/pdks/gf180mcuD/libs.tech/klayout/tech/drc/rule_decks/via.rb
2026-09-27 16:49:16 +0200: Memory Usage (1430796K) : Executing rule V2.3c
2026-09-27 16:49:16 +0200: Memory Usage (1430796K) : Executing deck V2.3d from /foss/pdks/gf180mcuD/libs.tech/klayout/tech/drc/rule_decks/via.rb
2026-09-27 16:49:16 +0200: Memory Usage (1430796K) : Executing rule V2.3d
2026-09-27 16:49:16 +0200: Memory Usage (1430796K) : Executing deck V2.4a from /foss/pdks/gf180mcuD/libs.tech/klayout/tech/drc/rule_decks/via.rb
2026-09-27 16:49:16 +0200: Memory Usage (1430796K) : Executing rule V2.4a
2026-09-27 16:49:17 +0200: Memory Usage (1430796K) : Executing deck V2.4b from /foss/pdks/gf180mcuD/libs.tech/klayout/tech/drc/rule_decks/via.rb
2026-09-27 16:49:17 +0200: Memory Usage (1430796K) : Executing rule V2.4b
2026-09-27 16:49:17 +0200: Memory Usage (1430796K) : Executing deck V2.4c from /foss/pdks/gf180mcuD/libs.tech/klayout/tech/drc/rule_decks/via.rb
2026-09-27 16:49:17 +0200: Memory Usage (1430796K) : Executing rule V2.4c
2026-09-27 16:49:17 +0200: Memory Usage (1430796K) : Executing deck V3.1 from /foss/pdks/gf180mcuD/libs.tech/klayout/tech/drc/rule_decks/via.rb
2026-09-27 16:49:17 +0200: Memory Usage (1430796K) : Executing rule V3.1
2026-09-27 16:49:17 +0200: Memory Usage (1430796K) : Executing deck V3.2a from /foss/pdks/gf180mcuD/libs.tech/klayout/tech/drc/rule_decks/via.rb
2026-09-27 16:49:17 +0200: Memory Usage (1430796K) : Executing rule V3.2a
2026-09-27 16:49:17 +0200: Memory Usage (1430796K) : Executing deck V3.2b from /foss/pdks/gf180mcuD/libs.tech/klayout/tech/drc/rule_decks/via.rb
2026-09-27 16:49:17 +0200: Memory Usage (1430796K) : Executing rule V3.2b
2026-09-27 16:49:17 +0200: Memory Usage (1430796K) : Executing deck V3.3b from /foss/pdks/gf180mcuD/libs.tech/klayout/tech/drc/rule_decks/via.rb
2026-09-27 16:49:17 +0200: Memory Usage (1430796K) : Executing rule V3.3b
2026-09-27 16:49:17 +0200: Memory Usage (1430796K) : Executing deck V3.3c from /foss/pdks/gf180mcuD/libs.tech/klayout/tech/drc/rule_decks/via.rb
2026-09-27 16:49:17 +0200: Memory Usage (1430796K) : Executing rule V3.3c
2026-09-27 16:49:17 +0200: Memory Usage (1430796K) : Executing deck V3.3d from /foss/pdks/gf180mcuD/libs.tech/klayout/tech/drc/rule_decks/via.rb
2026-09-27 16:49:17 +0200: Memory Usage (1430796K) : Executing rule V3.3d
2026-09-27 16:49:17 +0200: Memory Usage (1430796K) : Executing deck V3.4a from /foss/pdks/gf180mcuD/libs.tech/klayout/tech/drc/rule_decks/via.rb
2026-09-27 16:49:17 +0200: Memory Usage (1430796K) : Executing rule V3.4a
2026-09-27 16:49:17 +0200: Memory Usage (1430796K) : Executing deck V3.4b from /foss/pdks/gf180mcuD/libs.tech/klayout/tech/drc/rule_decks/via.rb
2026-09-27 16:49:17 +0200: Memory Usage (1430796K) : Executing rule V3.4b
2026-09-27 16:49:17 +0200: Memory Usage (1430796K) : Executing deck V3.4c from /foss/pdks/gf180mcuD/libs.tech/klayout/tech/drc/rule_decks/via.rb
2026-09-27 16:49:17 +0200: Memory Usage (1430796K) : Executing rule V3.4c
2026-09-27 16:49:17 +0200: Memory Usage (1430796K) : Executing deck V4.1 from /foss/pdks/gf180mcuD/libs.tech/klayout/tech/drc/rule_decks/via.rb
2026-09-27 16:49:17 +0200: Memory Usage (1430796K) : Executing rule V4.1
2026-09-27 16:50:42 +0200: Memory Usage (5030612K) : Executing deck V4.2a from /foss/pdks/gf180mcuD/libs.tech/klayout/tech/drc/rule_decks/via.rb
2026-09-27 16:50:42 +0200: Memory Usage (5030612K) : Executing rule V4.2a
2026-09-27 16:50:58 +0200: Memory Usage (4375252K) : Executing deck V4.2b from /foss/pdks/gf180mcuD/libs.tech/klayout/tech/drc/rule_decks/via.rb
2026-09-27 16:50:58 +0200: Memory Usage (4375252K) : Executing rule V4.2b
2026-09-27 16:52:05 +0200: Memory Usage (4440792K) : Executing deck V4.3b from /foss/pdks/gf180mcuD/libs.tech/klayout/tech/drc/rule_decks/via.rb
2026-09-27 16:52:05 +0200: Memory Usage (4440792K) : Executing rule V4.3b
2026-09-27 16:52:28 +0200: Memory Usage (4768472K) : Executing deck V4.3c from /foss/pdks/gf180mcuD/libs.tech/klayout/tech/drc/rule_decks/via.rb
2026-09-27 16:52:28 +0200: Memory Usage (4768472K) : Executing rule V4.3c
2026-09-27 16:52:30 +0200: Memory Usage (4768472K) : Executing deck V4.3d from /foss/pdks/gf180mcuD/libs.tech/klayout/tech/drc/rule_decks/via.rb
2026-09-27 16:52:30 +0200: Memory Usage (4768472K) : Executing rule V4.3d
2026-09-27 16:52:42 +0200: Memory Usage (5096152K) : Executing deck V4.4a from /foss/pdks/gf180mcuD/libs.tech/klayout/tech/drc/rule_decks/via.rb
2026-09-27 16:52:42 +0200: Memory Usage (5096152K) : Executing rule V4.4a
2026-09-27 16:53:07 +0200: Memory Usage (5096152K) : Executing deck V4.4b from /foss/pdks/gf180mcuD/libs.tech/klayout/tech/drc/rule_decks/via.rb
2026-09-27 16:53:07 +0200: Memory Usage (5096152K) : Executing rule V4.4b
2026-09-27 16:53:10 +0200: Memory Usage (5096152K) : Executing deck V4.4c from /foss/pdks/gf180mcuD/libs.tech/klayout/tech/drc/rule_decks/via.rb
2026-09-27 16:53:10 +0200: Memory Usage (5096152K) : Executing rule V4.4c
2026-09-27 16:53:25 +0200: Memory Usage (5096152K) : Executing deck V5.1 from /foss/pdks/gf180mcuD/libs.tech/klayout/tech/drc/rule_decks/via.rb
2026-09-27 16:53:25 +0200: Memory Usage (5096152K) : Executing deck V5.2a from /foss/pdks/gf180mcuD/libs.tech/klayout/tech/drc/rule_decks/via.rb
2026-09-27 16:53:25 +0200: Memory Usage (5096152K) : Executing deck V5.2b from /foss/pdks/gf180mcuD/libs.tech/klayout/tech/drc/rule_decks/via.rb
2026-09-27 16:53:25 +0200: Memory Usage (5096152K) : Executing deck V5.3b from /foss/pdks/gf180mcuD/libs.tech/klayout/tech/drc/rule_decks/via.rb
2026-09-27 16:53:25 +0200: Memory Usage (5096152K) : Executing deck V5.3c from /foss/pdks/gf180mcuD/libs.tech/klayout/tech/drc/rule_decks/via.rb
2026-09-27 16:53:25 +0200: Memory Usage (5096152K) : Executing deck V5.3d from /foss/pdks/gf180mcuD/libs.tech/klayout/tech/drc/rule_decks/via.rb
2026-09-27 16:53:25 +0200: Memory Usage (5096152K) : Executing deck V5.4a from /foss/pdks/gf180mcuD/libs.tech/klayout/tech/drc/rule_decks/via.rb
2026-09-27 16:53:25 +0200: Memory Usage (5096152K) : Executing deck V5.4b from /foss/pdks/gf180mcuD/libs.tech/klayout/tech/drc/rule_decks/via.rb
2026-09-27 16:53:25 +0200: Memory Usage (5096152K) : Executing deck V5.4c from /foss/pdks/gf180mcuD/libs.tech/klayout/tech/drc/rule_decks/via.rb
2026-09-27 16:53:25 +0200: Memory Usage (5096152K) : Executing deck geom_base_1 from /foss/pdks/gf180mcuD/libs.tech/klayout/tech/drc/rule_decks/geom.rb
2026-09-27 16:53:25 +0200: Memory Usage (5096152K) : OFFGRID-ANGLES section (geom_base_1)
2026-09-27 16:53:25 +0200: Memory Usage (5096152K) : Executing rule comp_OFFGRID
2026-09-27 16:53:25 +0200: Memory Usage (5096152K) : Executing rule comp_ACUTE
2026-09-27 16:53:25 +0200: Memory Usage (5096152K) : Executing rule dnwell_OFFGRID
2026-09-27 16:53:25 +0200: Memory Usage (5096152K) : Executing rule dnwell_ACUTE
2026-09-27 16:53:25 +0200: Memory Usage (5096152K) : Executing rule nwell_OFFGRID
2026-09-27 16:53:25 +0200: Memory Usage (5096152K) : Executing rule nwell_ACUTE
2026-09-27 16:53:25 +0200: Memory Usage (5096152K) : Executing rule lvpwell_OFFGRID
2026-09-27 16:53:25 +0200: Memory Usage (5096152K) : Executing rule lvpwell_ACUTE
2026-09-27 16:53:25 +0200: Memory Usage (5096152K) : Executing rule dualgate_OFFGRID
2026-09-27 16:53:25 +0200: Memory Usage (5096152K) : Executing rule dualgate_ACUTE
2026-09-27 16:53:25 +0200: Memory Usage (5096152K) : Executing rule poly2_OFFGRID
2026-09-27 16:53:25 +0200: Memory Usage (5096152K) : Executing rule poly2_ACUTE
2026-09-27 16:53:25 +0200: Memory Usage (5096152K) : Executing rule nplus_OFFGRID
2026-09-27 16:53:25 +0200: Memory Usage (5096152K) : Executing rule nplus_ACUTE
2026-09-27 16:53:25 +0200: Memory Usage (5096152K) : Executing rule pplus_OFFGRID
2026-09-27 16:53:25 +0200: Memory Usage (5096152K) : Executing rule pplus_ACUTE
2026-09-27 16:53:25 +0200: Memory Usage (5096152K) : Executing rule sab_OFFGRID
2026-09-27 16:53:25 +0200: Memory Usage (5096152K) : Executing rule sab_ACUTE
2026-09-27 16:53:25 +0200: Memory Usage (5096152K) : Executing rule esd_OFFGRID
2026-09-27 16:53:25 +0200: Memory Usage (5096152K) : Executing rule esd_ACUTE
2026-09-27 16:53:25 +0200: Memory Usage (5096152K) : Executing rule resistor_OFFGRID
2026-09-27 16:53:25 +0200: Memory Usage (5096152K) : Executing rule resistor_ACUTE
2026-09-27 16:53:25 +0200: Memory Usage (5096152K) : Executing rule fhres_OFFGRID
2026-09-27 16:53:25 +0200: Memory Usage (5096152K) : Executing rule fhres_ACUTE
2026-09-27 16:53:25 +0200: Memory Usage (5096152K) : Executing rule fusetop_OFFGRID
2026-09-27 16:53:25 +0200: Memory Usage (5096152K) : Executing rule fusetop_ACUTE
2026-09-27 16:53:25 +0200: Memory Usage (5096152K) : Executing rule fusewindow_d_OFFGRID
2026-09-27 16:53:25 +0200: Memory Usage (5096152K) : Executing rule fusewindow_d_ACUTE
2026-09-27 16:53:25 +0200: Memory Usage (5096152K) : Executing rule polyfuse_OFFGRID
2026-09-27 16:53:25 +0200: Memory Usage (5096152K) : Executing rule polyfuse_ACUTE
2026-09-27 16:53:25 +0200: Memory Usage (5096152K) : Executing rule mvsd_OFFGRID
2026-09-27 16:53:25 +0200: Memory Usage (5096152K) : Executing rule mvsd_ACUTE
2026-09-27 16:53:25 +0200: Memory Usage (5096152K) : Executing rule mvpsd_OFFGRID
2026-09-27 16:53:25 +0200: Memory Usage (5096152K) : Executing rule mvpsd_ACUTE
2026-09-27 16:53:25 +0200: Memory Usage (5096152K) : Executing rule nat_OFFGRID
2026-09-27 16:53:25 +0200: Memory Usage (5096152K) : Executing rule nat_ACUTE
2026-09-27 16:53:26 +0200: Memory Usage (5096152K) : Executing rule comp_dummy_OFFGRID
2026-09-27 16:53:26 +0200: Memory Usage (5096152K) : Executing rule comp_dummy_ACUTE
2026-09-27 16:53:26 +0200: Memory Usage (5096152K) : Executing rule poly2_dummy_OFFGRID
2026-09-27 16:53:26 +0200: Memory Usage (5096152K) : Executing rule poly2_dummy_ACUTE
2026-09-27 16:53:26 +0200: Memory Usage (5096152K) : Executing rule schottky_diode_OFFGRID
2026-09-27 16:53:26 +0200: Memory Usage (5096152K) : Executing rule schottky_diode_ACUTE
2026-09-27 16:53:26 +0200: Memory Usage (5096152K) : Executing rule zener_OFFGRID
2026-09-27 16:53:26 +0200: Memory Usage (5096152K) : Executing rule zener_ACUTE
2026-09-27 16:53:26 +0200: Memory Usage (5096152K) : Executing rule res_mk_OFFGRID
2026-09-27 16:53:26 +0200: Memory Usage (5096152K) : Executing rule res_mk_ACUTE
2026-09-27 16:53:26 +0200: Memory Usage (5096152K) : Executing rule opc_drc_OFFGRID
2026-09-27 16:53:26 +0200: Memory Usage (5096152K) : Executing rule opc_drc_ACUTE
2026-09-27 16:53:26 +0200: Memory Usage (5096152K) : Executing rule ndmy_OFFGRID
2026-09-27 16:53:26 +0200: Memory Usage (5096152K) : Executing rule ndmy_ACUTE
2026-09-27 16:53:26 +0200: Memory Usage (5096152K) : Executing rule pmndmy_OFFGRID
2026-09-27 16:53:26 +0200: Memory Usage (5096152K) : Executing rule pmndmy_ACUTE
2026-09-27 16:53:26 +0200: Memory Usage (5096152K) : Executing rule v5_xtor_OFFGRID
2026-09-27 16:53:26 +0200: Memory Usage (5096152K) : Executing rule v5_xtor_ACUTE
2026-09-27 16:53:26 +0200: Memory Usage (5096152K) : Executing rule cap_mk_OFFGRID
2026-09-27 16:53:26 +0200: Memory Usage (5096152K) : Executing rule cap_mk_ACUTE
2026-09-27 16:53:26 +0200: Memory Usage (5096152K) : Executing rule mos_cap_mk_OFFGRID
2026-09-27 16:53:26 +0200: Memory Usage (5096152K) : Executing rule mos_cap_mk_ACUTE
2026-09-27 16:53:26 +0200: Memory Usage (5096152K) : Executing rule ind_mk_OFFGRID
2026-09-27 16:53:26 +0200: Memory Usage (5096152K) : Executing rule ind_mk_ACUTE
2026-09-27 16:53:26 +0200: Memory Usage (5096152K) : Executing rule diode_mk_OFFGRID
2026-09-27 16:53:26 +0200: Memory Usage (5096152K) : Executing rule diode_mk_ACUTE
2026-09-27 16:53:26 +0200: Memory Usage (5096152K) : Executing rule drc_bjt_OFFGRID
2026-09-27 16:53:26 +0200: Memory Usage (5096152K) : Executing rule drc_bjt_ACUTE
2026-09-27 16:53:26 +0200: Memory Usage (5096152K) : Executing rule lvs_bjt_OFFGRID
2026-09-27 16:53:26 +0200: Memory Usage (5096152K) : Executing rule lvs_bjt_ACUTE
2026-09-27 16:53:26 +0200: Memory Usage (5096152K) : Executing deck geom_base_2 from /foss/pdks/gf180mcuD/libs.tech/klayout/tech/drc/rule_decks/geom.rb
2026-09-27 16:53:26 +0200: Memory Usage (5096152K) : OFFGRID-ANGLES section (geom_base_2)
2026-09-27 16:53:26 +0200: Memory Usage (5096152K) : Executing rule mim_l_mk_OFFGRID
2026-09-27 16:53:26 +0200: Memory Usage (5096152K) : Executing rule mim_l_mk_ACUTE
2026-09-27 16:53:26 +0200: Memory Usage (5096152K) : Executing rule latchup_mk_OFFGRID
2026-09-27 16:53:26 +0200: Memory Usage (5096152K) : Executing rule latchup_mk_ACUTE
2026-09-27 16:53:26 +0200: Memory Usage (5096152K) : Executing rule guard_ring_mk_OFFGRID
2026-09-27 16:53:26 +0200: Memory Usage (5096152K) : Executing rule guard_ring_mk_ACUTE
2026-09-27 16:53:26 +0200: Memory Usage (5096152K) : Executing rule otp_mk_OFFGRID
2026-09-27 16:53:26 +0200: Memory Usage (5096152K) : Executing rule otp_mk_ACUTE
2026-09-27 16:53:26 +0200: Memory Usage (5096152K) : Executing rule mtpmark_OFFGRID
2026-09-27 16:53:26 +0200: Memory Usage (5096152K) : Executing rule mtpmark_ACUTE
2026-09-27 16:53:26 +0200: Memory Usage (5096152K) : Executing rule neo_ee_mk_OFFGRID
2026-09-27 16:53:26 +0200: Memory Usage (5096152K) : Executing rule neo_ee_mk_ACUTE
2026-09-27 16:53:26 +0200: Memory Usage (5096152K) : Executing rule sramcore_OFFGRID
2026-09-27 16:53:26 +0200: Memory Usage (5096152K) : Executing rule sramcore_ACUTE
2026-09-27 16:53:26 +0200: Memory Usage (5096152K) : Executing rule lvs_rf_OFFGRID
2026-09-27 16:53:26 +0200: Memory Usage (5096152K) : Executing rule lvs_rf_ACUTE
2026-09-27 16:53:26 +0200: Memory Usage (5096152K) : Executing rule lvs_drain_OFFGRID
2026-09-27 16:53:26 +0200: Memory Usage (5096152K) : Executing rule lvs_drain_ACUTE
2026-09-27 16:53:26 +0200: Memory Usage (5096152K) : Executing rule hvpolyrs_OFFGRID
2026-09-27 16:53:26 +0200: Memory Usage (5096152K) : Executing rule hvpolyrs_ACUTE
2026-09-27 16:53:26 +0200: Memory Usage (5096152K) : Executing rule lvs_io_OFFGRID
2026-09-27 16:53:26 +0200: Memory Usage (5096152K) : Executing rule lvs_io_ACUTE
2026-09-27 16:53:26 +0200: Memory Usage (5096152K) : Executing rule probe_mk_OFFGRID
2026-09-27 16:53:26 +0200: Memory Usage (5096152K) : Executing rule probe_mk_ACUTE
2026-09-27 16:53:26 +0200: Memory Usage (5096152K) : Executing rule esd_mk_OFFGRID
2026-09-27 16:53:26 +0200: Memory Usage (5096152K) : Executing rule esd_mk_ACUTE
2026-09-27 16:53:26 +0200: Memory Usage (5096152K) : Executing rule lvs_source_OFFGRID
2026-09-27 16:53:26 +0200: Memory Usage (5096152K) : Executing rule lvs_source_ACUTE
2026-09-27 16:53:26 +0200: Memory Usage (5096152K) : Executing rule well_diode_mk_OFFGRID
2026-09-27 16:53:26 +0200: Memory Usage (5096152K) : Executing rule well_diode_mk_ACUTE
2026-09-27 16:53:26 +0200: Memory Usage (5096152K) : Executing rule ldmos_xtor_OFFGRID
2026-09-27 16:53:26 +0200: Memory Usage (5096152K) : Executing rule ldmos_xtor_ACUTE
2026-09-27 16:53:26 +0200: Memory Usage (5096152K) : Executing rule plfuse_OFFGRID
2026-09-27 16:53:26 +0200: Memory Usage (5096152K) : Executing rule plfuse_ACUTE
2026-09-27 16:53:26 +0200: Memory Usage (5096152K) : Executing rule efuse_mk_OFFGRID
2026-09-27 16:53:26 +0200: Memory Usage (5096152K) : Executing rule efuse_mk_ACUTE
2026-09-27 16:53:26 +0200: Memory Usage (5096152K) : Executing rule mcell_feol_mk_OFFGRID
2026-09-27 16:53:26 +0200: Memory Usage (5096152K) : Executing rule mcell_feol_mk_ACUTE
2026-09-27 16:53:26 +0200: Memory Usage (5096152K) : Executing rule ymtp_mk_OFFGRID
2026-09-27 16:53:26 +0200: Memory Usage (5096152K) : Executing rule ymtp_mk_ACUTE
2026-09-27 16:53:26 +0200: Memory Usage (5096152K) : Executing rule dev_wf_mk_OFFGRID
2026-09-27 16:53:26 +0200: Memory Usage (5096152K) : Executing rule dev_wf_mk_ACUTE
2026-09-27 16:53:27 +0200: Memory Usage (5096152K) : Executing rule comp_label_OFFGRID
2026-09-27 16:53:27 +0200: Memory Usage (5096152K) : Executing rule comp_label_ACUTE
2026-09-27 16:53:27 +0200: Memory Usage (5096152K) : Executing rule poly2_label_OFFGRID
2026-09-27 16:53:27 +0200: Memory Usage (5096152K) : Executing rule poly2_label_ACUTE
2026-09-27 16:53:27 +0200: Memory Usage (5096152K) : Executing rule mdiode_OFFGRID
2026-09-27 16:53:27 +0200: Memory Usage (5096152K) : Executing rule mdiode_ACUTE
2026-09-27 16:53:27 +0200: Memory Usage (5096152K) : Executing deck geom_dbu from /foss/pdks/gf180mcuD/libs.tech/klayout/tech/drc/rule_decks/geom.rb
2026-09-27 16:53:27 +0200: Memory Usage (5096152K) : Executing rule DBU
2026-09-27 16:53:27 +0200: Memory Usage (5096152K) : Executing deck geom_m1m2 from /foss/pdks/gf180mcuD/libs.tech/klayout/tech/drc/rule_decks/geom.rb
2026-09-27 16:53:27 +0200: Memory Usage (5096152K) : OFFGRID-ANGLES section (geom_m1m2)
2026-09-27 16:53:27 +0200: Memory Usage (5096152K) : Executing rule contact_OFFGRID
2026-09-27 16:53:27 +0200: Memory Usage (5096152K) : Executing rule contact_ACUTE
2026-09-27 16:53:27 +0200: Memory Usage (5096152K) : Executing rule metal1_OFFGRID
2026-09-27 16:53:27 +0200: Memory Usage (5096152K) : Executing rule metal1_ACUTE
2026-09-27 16:53:27 +0200: Memory Usage (5096152K) : Executing rule metal1_slot_OFFGRID
2026-09-27 16:53:27 +0200: Memory Usage (5096152K) : Executing rule metal1_slot_ACUTE
2026-09-27 16:53:27 +0200: Memory Usage (5096152K) : Executing rule metal1_blk_OFFGRID
2026-09-27 16:53:27 +0200: Memory Usage (5096152K) : Executing rule metal1_blk_ACUTE
2026-09-27 16:53:27 +0200: Memory Usage (5096152K) : Executing rule metal1_label_OFFGRID
2026-09-27 16:53:27 +0200: Memory Usage (5096152K) : Executing rule metal1_label_ACUTE
2026-09-27 16:53:27 +0200: Memory Usage (5096152K) : Executing rule metal1_res_OFFGRID
2026-09-27 16:53:27 +0200: Memory Usage (5096152K) : Executing rule metal1_res_ACUTE
2026-09-27 16:53:27 +0200: Memory Usage (5096152K) : Executing rule via1_OFFGRID
2026-09-27 16:53:27 +0200: Memory Usage (5096152K) : Executing rule via1_ACUTE
2026-09-27 16:53:27 +0200: Memory Usage (5096152K) : Executing rule metal2_OFFGRID
2026-09-27 16:53:27 +0200: Memory Usage (5096152K) : Executing rule metal2_ACUTE
2026-09-27 16:53:27 +0200: Memory Usage (5096152K) : Executing rule metal2_label_OFFGRID
2026-09-27 16:53:27 +0200: Memory Usage (5096152K) : Executing rule metal2_label_ACUTE
2026-09-27 16:53:27 +0200: Memory Usage (5096152K) : Executing rule metal2_slot_OFFGRID
2026-09-27 16:53:27 +0200: Memory Usage (5096152K) : Executing rule metal2_slot_ACUTE
2026-09-27 16:53:28 +0200: Memory Usage (5096152K) : Executing rule metal2_blk_OFFGRID
2026-09-27 16:53:28 +0200: Memory Usage (5096152K) : Executing rule metal2_blk_ACUTE
2026-09-27 16:53:28 +0200: Memory Usage (5096152K) : Executing rule metal2_res_OFFGRID
2026-09-27 16:53:28 +0200: Memory Usage (5096152K) : Executing rule metal2_res_ACUTE
2026-09-27 16:53:28 +0200: Memory Usage (5096152K) : Executing deck geom_m3 from /foss/pdks/gf180mcuD/libs.tech/klayout/tech/drc/rule_decks/geom.rb
2026-09-27 16:53:28 +0200: Memory Usage (5096152K) : OFFGRID-ANGLES section (geom_m3)
2026-09-27 16:53:28 +0200: Memory Usage (5096152K) : Executing rule via2_OFFGRID
2026-09-27 16:53:28 +0200: Memory Usage (5096152K) : Executing rule via2_ACUTE
2026-09-27 16:53:28 +0200: Memory Usage (5096152K) : Executing rule metal3_OFFGRID
2026-09-27 16:53:28 +0200: Memory Usage (5096152K) : Executing rule metal3_ACUTE
2026-09-27 16:53:28 +0200: Memory Usage (5096152K) : Executing rule metal3_dummy_OFFGRID
2026-09-27 16:53:28 +0200: Memory Usage (5096152K) : Executing rule metal3_dummy_ACUTE
2026-09-27 16:53:28 +0200: Memory Usage (5096152K) : Executing rule metal3_label_OFFGRID
2026-09-27 16:53:28 +0200: Memory Usage (5096152K) : Executing rule metal3_label_ACUTE
2026-09-27 16:53:28 +0200: Memory Usage (5096152K) : Executing rule metal3_blk_OFFGRID
2026-09-27 16:53:28 +0200: Memory Usage (5096152K) : Executing rule metal3_blk_ACUTE
2026-09-27 16:53:28 +0200: Memory Usage (5096152K) : Executing rule metal3_res_OFFGRID
2026-09-27 16:53:28 +0200: Memory Usage (5096152K) : Executing rule metal3_res_ACUTE
2026-09-27 16:53:28 +0200: Memory Usage (5096152K) : Executing deck geom_m4 from /foss/pdks/gf180mcuD/libs.tech/klayout/tech/drc/rule_decks/geom.rb
2026-09-27 16:53:28 +0200: Memory Usage (5096152K) : OFFGRID-ANGLES section (geom_m4)
2026-09-27 16:53:28 +0200: Memory Usage (5096152K) : Executing rule via3_OFFGRID
2026-09-27 16:53:28 +0200: Memory Usage (5096152K) : Executing rule via3_ACUTE
2026-09-27 16:53:28 +0200: Memory Usage (5096152K) : Executing rule metal4_OFFGRID
2026-09-27 16:53:28 +0200: Memory Usage (5096152K) : Executing rule metal4_ACUTE
2026-09-27 16:53:28 +0200: Memory Usage (5096152K) : Executing rule metal4_dummy_OFFGRID
2026-09-27 16:53:28 +0200: Memory Usage (5096152K) : Executing rule metal4_dummy_ACUTE
2026-09-27 16:53:28 +0200: Memory Usage (5096152K) : Executing rule metal4_label_OFFGRID
2026-09-27 16:53:28 +0200: Memory Usage (5096152K) : Executing rule metal4_label_ACUTE
2026-09-27 16:53:28 +0200: Memory Usage (5096152K) : Executing rule metal4_blk_OFFGRID
2026-09-27 16:53:28 +0200: Memory Usage (5096152K) : Executing rule metal4_blk_ACUTE
2026-09-27 16:53:28 +0200: Memory Usage (5096152K) : Executing rule metal4_res_OFFGRID
2026-09-27 16:53:28 +0200: Memory Usage (5096152K) : Executing rule metal4_res_ACUTE
2026-09-27 16:53:28 +0200: Memory Usage (5096152K) : Executing deck geom_m5 from /foss/pdks/gf180mcuD/libs.tech/klayout/tech/drc/rule_decks/geom.rb
2026-09-27 16:53:28 +0200: Memory Usage (5096152K) : OFFGRID-ANGLES section (geom_m5)
2026-09-27 16:53:28 +0200: Memory Usage (5096152K) : Executing rule via4_OFFGRID
2026-09-27 16:53:29 +0200: Memory Usage (5096152K) : Executing rule via4_ACUTE
2026-09-27 16:53:34 +0200: Memory Usage (5096152K) : Executing rule metal5_OFFGRID
2026-09-27 16:53:34 +0200: Memory Usage (5096152K) : Executing rule metal5_ACUTE
2026-09-27 16:53:34 +0200: Memory Usage (5096152K) : Executing rule metal5_dummy_OFFGRID
2026-09-27 16:53:34 +0200: Memory Usage (5096152K) : Executing rule metal5_dummy_ACUTE
2026-09-27 16:53:34 +0200: Memory Usage (5096152K) : Executing rule metal5_label_OFFGRID
2026-09-27 16:53:34 +0200: Memory Usage (5096152K) : Executing rule metal5_label_ACUTE
2026-09-27 16:53:34 +0200: Memory Usage (5096152K) : Executing rule metal5_blk_OFFGRID
2026-09-27 16:53:34 +0200: Memory Usage (5096152K) : Executing rule metal5_blk_ACUTE
2026-09-27 16:53:34 +0200: Memory Usage (5096152K) : Executing rule metal5_res_OFFGRID
2026-09-27 16:53:34 +0200: Memory Usage (5096152K) : Executing rule metal5_res_ACUTE
2026-09-27 16:53:34 +0200: Memory Usage (5096152K) : Executing deck geom_metaltop from /foss/pdks/gf180mcuD/libs.tech/klayout/tech/drc/rule_decks/geom.rb
2026-09-27 16:53:34 +0200: Memory Usage (5096152K) : Executing deck geom_topmarkers from /foss/pdks/gf180mcuD/libs.tech/klayout/tech/drc/rule_decks/geom.rb
2026-09-27 16:53:34 +0200: Memory Usage (5096152K) : OFFGRID-ANGLES section (geom_topmarkers)
2026-09-27 16:53:34 +0200: Memory Usage (5096152K) : Executing rule pad_OFFGRID
2026-09-27 16:53:34 +0200: Memory Usage (5096152K) : Executing rule pad_ACUTE
2026-09-27 16:53:34 +0200: Memory Usage (5096152K) : Executing rule ubmpperi_OFFGRID
2026-09-27 16:53:34 +0200: Memory Usage (5096152K) : Executing rule ubmpperi_ACUTE
2026-09-27 16:53:34 +0200: Memory Usage (5096152K) : Executing rule ubmparray_OFFGRID
2026-09-27 16:53:34 +0200: Memory Usage (5096152K) : Executing rule ubmparray_ACUTE
2026-09-27 16:53:34 +0200: Memory Usage (5096152K) : Executing rule ubmeplate_OFFGRID
2026-09-27 16:53:34 +0200: Memory Usage (5096152K) : Executing rule ubmeplate_ACUTE
2026-09-27 16:53:34 +0200: Memory Usage (5096152K) : Executing rule pr_bndry_OFFGRID
2026-09-27 16:53:34 +0200: Memory Usage (5096152K) : Executing rule pr_bndry_ACUTE
2026-09-27 16:53:34 +0200: Memory Usage (5096152K) : Executing rule border_OFFGRID
2026-09-27 16:53:34 +0200: Memory Usage (5096152K) : Executing rule border_ACUTE
2026-09-27 16:53:34 +0200: Memory Usage (5096152K) : Executing deck CO.10_no_contact_on_poly_gate from /foss/pdks/gf180mcuD/libs.tech/klayout/tech/drc/rule_decks/contact.rb
2026-09-27 16:53:34 +0200: Memory Usage (5096152K) : Executing rule CO.10
2026-09-27 16:53:34 +0200: Memory Usage (5096152K) : Executing deck CO.11_no_contact_on_field_oxide from /foss/pdks/gf180mcuD/libs.tech/klayout/tech/drc/rule_decks/contact.rb
2026-09-27 16:53:34 +0200: Memory Usage (5096152K) : Executing rule CO.11
2026-09-27 16:53:35 +0200: Memory Usage (4834008K) : Executing deck CO.1_min_max_contact_size from /foss/pdks/gf180mcuD/libs.tech/klayout/tech/drc/rule_decks/contact.rb
2026-09-27 16:53:35 +0200: Memory Usage (4768472K) : Executing rule CO.1
2026-09-27 16:53:35 +0200: Memory Usage (4768472K) : Executing deck CO.2a_min_contact_spacing from /foss/pdks/gf180mcuD/libs.tech/klayout/tech/drc/rule_decks/contact.rb
2026-09-27 16:53:35 +0200: Memory Usage (4768472K) : Executing rule CO.2a
2026-09-27 16:53:35 +0200: Memory Usage (4768472K) : Executing deck CO.2b_contact_array_spacing from /foss/pdks/gf180mcuD/libs.tech/klayout/tech/drc/rule_decks/contact.rb
2026-09-27 16:53:35 +0200: Memory Usage (4768472K) : Executing rule CO.2b
2026-09-27 16:53:36 +0200: Memory Usage (4768472K) : Executing deck CO.3_poly2_overlap from /foss/pdks/gf180mcuD/libs.tech/klayout/tech/drc/rule_decks/contact.rb
2026-09-27 16:53:36 +0200: Memory Usage (4768472K) : Executing rule CO.3
2026-09-27 16:53:36 +0200: Memory Usage (4768472K) : Executing deck CO.4_comp_overlap from /foss/pdks/gf180mcuD/libs.tech/klayout/tech/drc/rule_decks/contact.rb
2026-09-27 16:53:36 +0200: Memory Usage (4768472K) : Executing rule CO.4
2026-09-27 16:53:37 +0200: Memory Usage (4768472K) : Executing deck CO.5a_nplus_overlap_butted from /foss/pdks/gf180mcuD/libs.tech/klayout/tech/drc/rule_decks/contact.rb
2026-09-27 16:53:37 +0200: Memory Usage (4768472K) : Executing rule CO.5a
2026-09-27 16:53:37 +0200: Memory Usage (4768472K) : Executing deck CO.5b_pplus_overlap_butted from /foss/pdks/gf180mcuD/libs.tech/klayout/tech/drc/rule_decks/contact.rb
2026-09-27 16:53:37 +0200: Memory Usage (4768472K) : Executing rule CO.5b
2026-09-27 16:53:38 +0200: Memory Usage (4768472K) : Executing deck CO.6_metal1_overlap from /foss/pdks/gf180mcuD/libs.tech/klayout/tech/drc/rule_decks/contact.rb
2026-09-27 16:53:38 +0200: Memory Usage (4768472K) : Executing rule CO.6
2026-09-27 16:53:38 +0200: Memory Usage (4768472K) : Executing deck CO.6a_metal1_eol_overlap from /foss/pdks/gf180mcuD/libs.tech/klayout/tech/drc/rule_decks/contact.rb
2026-09-27 16:53:38 +0200: Memory Usage (4768472K) : Executing rule CO.6a
2026-09-27 16:53:38 +0200: Memory Usage (4768472K) : Executing deck CO.6b_adjacent_edge_overlap from /foss/pdks/gf180mcuD/libs.tech/klayout/tech/drc/rule_decks/contact.rb
2026-09-27 16:53:38 +0200: Memory Usage (4768472K) : Executing rule CO.6b
2026-09-27 16:53:46 +0200: Memory Usage (4768472K) : Executing deck CO.7_comp_to_poly_spacing from /foss/pdks/gf180mcuD/libs.tech/klayout/tech/drc/rule_decks/contact.rb
2026-09-27 16:53:46 +0200: Memory Usage (4768472K) : Executing rule CO.7
2026-09-27 16:53:47 +0200: Memory Usage (4768472K) : Executing deck CO.8_poly_to_comp_spacing from /foss/pdks/gf180mcuD/libs.tech/klayout/tech/drc/rule_decks/contact.rb
2026-09-27 16:53:47 +0200: Memory Usage (4768472K) : Executing rule CO.8
2026-09-27 16:53:47 +0200: Memory Usage (4768472K) : Executing deck CO.9_no_contact_on_butting_edge from /foss/pdks/gf180mcuD/libs.tech/klayout/tech/drc/rule_decks/contact.rb
2026-09-27 16:53:47 +0200: Memory Usage (4768472K) : Executing rule CO.9
2026-09-27 16:53:47 +0200: Memory Usage (4768472K) : Executing deck df_10 from /foss/pdks/gf180mcuD/libs.tech/klayout/tech/drc/rule_decks/comp.rb
2026-09-27 16:53:47 +0200: Memory Usage (4768472K) : Executing rule DF.10
2026-09-27 16:53:47 +0200: Memory Usage (4768472K) : Executing deck df_11 from /foss/pdks/gf180mcuD/libs.tech/klayout/tech/drc/rule_decks/comp.rb
2026-09-27 16:53:47 +0200: Memory Usage (4768472K) : Executing rule DF.11
2026-09-27 16:53:47 +0200: Memory Usage (4768472K) : Executing deck df_12 from /foss/pdks/gf180mcuD/libs.tech/klayout/tech/drc/rule_decks/comp.rb
2026-09-27 16:53:47 +0200: Memory Usage (4768472K) : Executing rule DF.12
2026-09-27 16:53:47 +0200: Memory Usage (4768472K) : Executing deck df_13_lv from /foss/pdks/gf180mcuD/libs.tech/klayout/tech/drc/rule_decks/comp.rb
2026-09-27 16:53:47 +0200: Memory Usage (4768472K) : Preparations for rule DF.13_LV
2026-09-27 16:53:48 +0200: Memory Usage (4768472K) : Executing rule DF.13_LV
2026-09-27 16:53:48 +0200: Memory Usage (4768472K) : Executing deck df_13_mv from /foss/pdks/gf180mcuD/libs.tech/klayout/tech/drc/rule_decks/comp.rb
2026-09-27 16:53:48 +0200: Memory Usage (4768472K) : Preparations for rule DF.13_MV
2026-09-27 16:53:48 +0200: Memory Usage (4768472K) : Executing rule DF.13_MV
2026-09-27 16:53:48 +0200: Memory Usage (4768472K) : Executing deck df_14_lv from /foss/pdks/gf180mcuD/libs.tech/klayout/tech/drc/rule_decks/comp.rb
2026-09-27 16:53:48 +0200: Memory Usage (4768472K) : Executing rule DF.14_LV
2026-09-27 16:53:48 +0200: Memory Usage (4768472K) : Executing deck df_14_mv from /foss/pdks/gf180mcuD/libs.tech/klayout/tech/drc/rule_decks/comp.rb
2026-09-27 16:53:48 +0200: Memory Usage (4768472K) : Executing rule DF.14_MV
2026-09-27 16:53:48 +0200: Memory Usage (4768472K) : Executing deck df_16_lv from /foss/pdks/gf180mcuD/libs.tech/klayout/tech/drc/rule_decks/comp.rb
2026-09-27 16:53:48 +0200: Memory Usage (4768472K) : Executing rule DF.16_LV
2026-09-27 16:53:48 +0200: Memory Usage (4768472K) : Executing deck df_16_mv from /foss/pdks/gf180mcuD/libs.tech/klayout/tech/drc/rule_decks/comp.rb
2026-09-27 16:53:48 +0200: Memory Usage (4768472K) : Executing rule DF.16_MV
2026-09-27 16:53:48 +0200: Memory Usage (4768472K) : Executing deck df_17_lv from /foss/pdks/gf180mcuD/libs.tech/klayout/tech/drc/rule_decks/comp.rb
2026-09-27 16:53:49 +0200: Memory Usage (4768472K) : Executing rule DF.17_LV
2026-09-27 16:53:49 +0200: Memory Usage (4768472K) : Executing deck df_17_mv from /foss/pdks/gf180mcuD/libs.tech/klayout/tech/drc/rule_decks/comp.rb
2026-09-27 16:53:49 +0200: Memory Usage (4768472K) : Executing rule DF.17_MV
2026-09-27 16:53:49 +0200: Memory Usage (4768472K) : Executing deck df_18 from /foss/pdks/gf180mcuD/libs.tech/klayout/tech/drc/rule_decks/comp.rb
2026-09-27 16:53:49 +0200: Memory Usage (4768472K) : Executing rule DF.18
2026-09-27 16:53:49 +0200: Memory Usage (4768472K) : Executing deck df_19_lv from /foss/pdks/gf180mcuD/libs.tech/klayout/tech/drc/rule_decks/comp.rb
2026-09-27 16:53:49 +0200: Memory Usage (4768472K) : Executing rule DF.19_LV
2026-09-27 16:53:49 +0200: Memory Usage (4768472K) : Executing deck df_19_mv from /foss/pdks/gf180mcuD/libs.tech/klayout/tech/drc/rule_decks/comp.rb
2026-09-27 16:53:49 +0200: Memory Usage (4768472K) : Executing rule DF.19_MV
2026-09-27 16:53:49 +0200: Memory Usage (4768472K) : Executing deck df_1a_lv from /foss/pdks/gf180mcuD/libs.tech/klayout/tech/drc/rule_decks/comp.rb
2026-09-27 16:53:49 +0200: Memory Usage (4768472K) : Executing rule DF.1a_LV
2026-09-27 16:53:49 +0200: Memory Usage (4768472K) : Executing deck df_1a_mv from /foss/pdks/gf180mcuD/libs.tech/klayout/tech/drc/rule_decks/comp.rb
2026-09-27 16:53:49 +0200: Memory Usage (4768472K) : Executing rule DF.1a_MV
2026-09-27 16:53:49 +0200: Memory Usage (4768472K) : Executing deck df_1c from /foss/pdks/gf180mcuD/libs.tech/klayout/tech/drc/rule_decks/comp.rb
2026-09-27 16:53:49 +0200: Memory Usage (4768472K) : Executing rule DF.1c
2026-09-27 16:53:49 +0200: Memory Usage (4768472K) : Executing deck df_2a_lv from /foss/pdks/gf180mcuD/libs.tech/klayout/tech/drc/rule_decks/comp.rb
2026-09-27 16:53:49 +0200: Memory Usage (4768472K) : Executing rule DF.2a_LV
2026-09-27 16:53:49 +0200: Memory Usage (4768472K) : Executing deck df_2a_mv from /foss/pdks/gf180mcuD/libs.tech/klayout/tech/drc/rule_decks/comp.rb
2026-09-27 16:53:49 +0200: Memory Usage (4768472K) : Executing rule DF.2a_MV
2026-09-27 16:53:49 +0200: Memory Usage (4768472K) : Executing deck df_2b from /foss/pdks/gf180mcuD/libs.tech/klayout/tech/drc/rule_decks/comp.rb
2026-09-27 16:53:49 +0200: Memory Usage (4768472K) : Executing rule DF.2b
2026-09-27 16:53:49 +0200: Memory Usage (4768472K) : Executing deck df_3a_lv from /foss/pdks/gf180mcuD/libs.tech/klayout/tech/drc/rule_decks/comp.rb
2026-09-27 16:53:49 +0200: Memory Usage (4768472K) : Executing rule DF.3a_LV
2026-09-27 16:53:49 +0200: Memory Usage (4768472K) : Executing deck df_3a_mv from /foss/pdks/gf180mcuD/libs.tech/klayout/tech/drc/rule_decks/comp.rb
2026-09-27 16:53:49 +0200: Memory Usage (4768472K) : Executing rule DF.3a_MV
2026-09-27 16:53:49 +0200: Memory Usage (4768472K) : Executing deck df_3b from /foss/pdks/gf180mcuD/libs.tech/klayout/tech/drc/rule_decks/comp.rb
2026-09-27 16:53:49 +0200: Memory Usage (4768472K) : Executing rule DF.3b
2026-09-27 16:53:49 +0200: Memory Usage (4768472K) : Executing deck df_3c_lv from /foss/pdks/gf180mcuD/libs.tech/klayout/tech/drc/rule_decks/comp.rb
2026-09-27 16:53:49 +0200: Memory Usage (4768472K) : Executing rule DF.3c_LV
2026-09-27 16:53:49 +0200: Memory Usage (4768472K) : Executing deck df_3c_mv from /foss/pdks/gf180mcuD/libs.tech/klayout/tech/drc/rule_decks/comp.rb
2026-09-27 16:53:49 +0200: Memory Usage (4768472K) : Executing rule DF.3c_MV
2026-09-27 16:53:49 +0200: Memory Usage (4768472K) : Executing deck df_4a_lv from /foss/pdks/gf180mcuD/libs.tech/klayout/tech/drc/rule_decks/comp.rb
2026-09-27 16:53:49 +0200: Memory Usage (4768472K) : Executing rule DF.4a_LV
2026-09-27 16:53:49 +0200: Memory Usage (4768472K) : Executing deck df_4a_mv from /foss/pdks/gf180mcuD/libs.tech/klayout/tech/drc/rule_decks/comp.rb
2026-09-27 16:53:49 +0200: Memory Usage (4768472K) : Executing rule DF.4a_MV
2026-09-27 16:53:49 +0200: Memory Usage (4768472K) : Executing deck df_4b_lv from /foss/pdks/gf180mcuD/libs.tech/klayout/tech/drc/rule_decks/comp.rb
2026-09-27 16:53:49 +0200: Memory Usage (4768472K) : Executing rule DF.4b_LV
2026-09-27 16:53:49 +0200: Memory Usage (4768472K) : Executing deck df_4b_mv from /foss/pdks/gf180mcuD/libs.tech/klayout/tech/drc/rule_decks/comp.rb
2026-09-27 16:53:50 +0200: Memory Usage (4768472K) : Executing rule DF.4b_MV
2026-09-27 16:53:50 +0200: Memory Usage (4768472K) : Executing deck df_4c_lv from /foss/pdks/gf180mcuD/libs.tech/klayout/tech/drc/rule_decks/comp.rb
2026-09-27 16:53:50 +0200: Memory Usage (4768472K) : Executing rule DF.4c_LV
2026-09-27 16:53:50 +0200: Memory Usage (4768472K) : Executing deck df_4c_mv from /foss/pdks/gf180mcuD/libs.tech/klayout/tech/drc/rule_decks/comp.rb
2026-09-27 16:53:50 +0200: Memory Usage (4768472K) : Executing rule DF.4c_MV
2026-09-27 16:53:50 +0200: Memory Usage (4768472K) : Executing deck df_4d_lv from /foss/pdks/gf180mcuD/libs.tech/klayout/tech/drc/rule_decks/comp.rb
2026-09-27 16:53:50 +0200: Memory Usage (4768472K) : Executing rule DF.4d_LV
2026-09-27 16:53:50 +0200: Memory Usage (4768472K) : Executing deck df_4d_mv from /foss/pdks/gf180mcuD/libs.tech/klayout/tech/drc/rule_decks/comp.rb
2026-09-27 16:53:50 +0200: Memory Usage (4768472K) : Executing rule DF.4d_MV
2026-09-27 16:53:50 +0200: Memory Usage (4768472K) : Executing deck df_4e_lv from /foss/pdks/gf180mcuD/libs.tech/klayout/tech/drc/rule_decks/comp.rb
2026-09-27 16:53:50 +0200: Memory Usage (4768472K) : Executing rule DF.4e_LV
2026-09-27 16:53:50 +0200: Memory Usage (4768472K) : Executing deck df_4e_mv from /foss/pdks/gf180mcuD/libs.tech/klayout/tech/drc/rule_decks/comp.rb
2026-09-27 16:53:50 +0200: Memory Usage (4768472K) : Executing rule DF.4e_MV
2026-09-27 16:53:50 +0200: Memory Usage (4768472K) : Executing deck df_5_lv from /foss/pdks/gf180mcuD/libs.tech/klayout/tech/drc/rule_decks/comp.rb
2026-09-27 16:53:50 +0200: Memory Usage (4768472K) : Executing rule DF.5_LV
2026-09-27 16:53:50 +0200: Memory Usage (4768472K) : Executing deck df_5_mv from /foss/pdks/gf180mcuD/libs.tech/klayout/tech/drc/rule_decks/comp.rb
2026-09-27 16:53:50 +0200: Memory Usage (4768472K) : Executing rule DF.5_MV
2026-09-27 16:53:50 +0200: Memory Usage (4768472K) : Executing deck df_6_lv from /foss/pdks/gf180mcuD/libs.tech/klayout/tech/drc/rule_decks/comp.rb
2026-09-27 16:53:50 +0200: Memory Usage (4768472K) : Executing rule DF.6_LV
2026-09-27 16:53:50 +0200: Memory Usage (4768472K) : Executing deck df_6_mv from /foss/pdks/gf180mcuD/libs.tech/klayout/tech/drc/rule_decks/comp.rb
2026-09-27 16:53:50 +0200: Memory Usage (4768472K) : Executing rule DF.6_MV
2026-09-27 16:53:50 +0200: Memory Usage (4768472K) : Executing deck df_7_lv from /foss/pdks/gf180mcuD/libs.tech/klayout/tech/drc/rule_decks/comp.rb
2026-09-27 16:53:50 +0200: Memory Usage (4768472K) : Executing rule DF.7_LV
2026-09-27 16:53:50 +0200: Memory Usage (4768472K) : Executing deck df_7_mv from /foss/pdks/gf180mcuD/libs.tech/klayout/tech/drc/rule_decks/comp.rb
2026-09-27 16:53:50 +0200: Memory Usage (4768472K) : Executing rule DF.7_MV
2026-09-27 16:53:50 +0200: Memory Usage (4768472K) : Executing deck df_8_lv from /foss/pdks/gf180mcuD/libs.tech/klayout/tech/drc/rule_decks/comp.rb
2026-09-27 16:53:50 +0200: Memory Usage (4768472K) : Executing rule DF.8_LV
2026-09-27 16:53:50 +0200: Memory Usage (4768472K) : Executing deck df_8_mv from /foss/pdks/gf180mcuD/libs.tech/klayout/tech/drc/rule_decks/comp.rb
2026-09-27 16:53:50 +0200: Memory Usage (4768472K) : Executing rule DF.8_MV
2026-09-27 16:53:50 +0200: Memory Usage (4768472K) : Executing deck df_9 from /foss/pdks/gf180mcuD/libs.tech/klayout/tech/drc/rule_decks/comp.rb
2026-09-27 16:53:50 +0200: Memory Usage (4768472K) : Executing rule DF.9
2026-09-27 16:53:50 +0200: Memory Usage (4768472K) : Executing deck dnwell from /foss/pdks/gf180mcuD/libs.tech/klayout/tech/drc/rule_decks/dnwell.rb
2026-09-27 16:53:50 +0200: Memory Usage (4768472K) : Executing rule DN.1
2026-09-27 16:53:50 +0200: Memory Usage (4768472K) : Executing rule DN.2a
2026-09-27 16:53:50 +0200: Memory Usage (4768472K) : Executing rule DN.2b
2026-09-27 16:53:50 +0200: Memory Usage (4768472K) : Executing rule DN.3
2026-09-27 16:53:50 +0200: Memory Usage (4768472K) : Executing deck drc_bjt from /foss/pdks/gf180mcuD/libs.tech/klayout/tech/drc/rule_decks/drc_bjt.rb
2026-09-27 16:53:50 +0200: Memory Usage (4768472K) : Executing rule BJT.1
2026-09-27 16:53:50 +0200: Memory Usage (4768472K) : Executing rule BJT.2
2026-09-27 16:53:50 +0200: Memory Usage (4768472K) : Executing rule BJT.3
2026-09-27 16:53:50 +0200: Memory Usage (4768472K) : Executing deck dualgate from /foss/pdks/gf180mcuD/libs.tech/klayout/tech/drc/rule_decks/dualgate.rb
2026-09-27 16:53:50 +0200: Memory Usage (4768472K) : Executing rule DV.1
2026-09-27 16:53:50 +0200: Memory Usage (4768472K) : Executing rule DV.2
2026-09-27 16:53:50 +0200: Memory Usage (4768472K) : Executing rule DV.3
2026-09-27 16:53:50 +0200: Memory Usage (4768472K) : Executing rule DV.5
2026-09-27 16:53:50 +0200: Memory Usage (4768472K) : Executing rule DV.6
2026-09-27 16:53:50 +0200: Memory Usage (4768472K) : Executing rule DV.7
2026-09-27 16:53:50 +0200: Memory Usage (4768472K) : Executing rule DV.8
2026-09-27 16:53:50 +0200: Memory Usage (4768472K) : Executing rule DV.9
2026-09-27 16:53:50 +0200: Memory Usage (4768472K) : Executing deck dummy_comp from /foss/pdks/gf180mcuD/libs.tech/klayout/tech/drc/rule_decks/dummy_comp.rb
2026-09-27 16:53:50 +0200: Memory Usage (4768472K) : Starting dummy comp derivations
2026-09-27 16:53:50 +0200: Memory Usage (4768472K) : Executing rule DCF.2b
2026-09-27 16:53:50 +0200: Memory Usage (4768472K) : Executing rule DCF.4
2026-09-27 16:53:50 +0200: Memory Usage (4768472K) : Executing rule DCF.5
2026-09-27 16:53:50 +0200: Memory Usage (4768472K) : Executing rule DCF.6a
2026-09-27 16:53:51 +0200: Memory Usage (4768472K) : Executing rule DCF.6b
2026-09-27 16:53:51 +0200: Memory Usage (4768472K) : Executing rule DCF.6c
2026-09-27 16:53:51 +0200: Memory Usage (4768472K) : Executing rule DCF.6d
2026-09-27 16:53:51 +0200: Memory Usage (4768472K) : Executing rule DCF.8a
2026-09-27 16:53:51 +0200: Memory Usage (4768472K) : Executing rule DCF.11a
2026-09-27 16:53:51 +0200: Memory Usage (4768472K) : Executing rule DCF.12
2026-09-27 16:53:51 +0200: Memory Usage (4768472K) : Executing deck dummy_exclude from /foss/pdks/gf180mcuD/libs.tech/klayout/tech/drc/rule_decks/dummy_exclude.rb
2026-09-27 16:53:51 +0200: Memory Usage (4768472K) : Executing rule DE.2
2026-09-27 16:53:51 +0200: Memory Usage (4768472K) : Executing rule DE.3
2026-09-27 16:53:51 +0200: Memory Usage (4768472K) : Executing rule DE.4
2026-09-27 16:53:51 +0200: Memory Usage (4768472K) : Executing deck dummy_metal1 from /foss/pdks/gf180mcuD/libs.tech/klayout/tech/drc/rule_decks/dummy_metal.rb
2026-09-27 16:53:51 +0200: Memory Usage (4768472K) : Executing rule DM1.2b
2026-09-27 16:53:51 +0200: Memory Usage (4768472K) : Executing rule DM1.3
2026-09-27 16:53:51 +0200: Memory Usage (4768472K) : Executing rule DM1.8
2026-09-27 16:53:51 +0200: Memory Usage (4768472K) : Executing deck dummy_metal2 from /foss/pdks/gf180mcuD/libs.tech/klayout/tech/drc/rule_decks/dummy_metal.rb
2026-09-27 16:53:51 +0200: Memory Usage (4768472K) : Executing rule DM2.2b
2026-09-27 16:53:51 +0200: Memory Usage (4768472K) : Executing rule DM2.3
2026-09-27 16:53:51 +0200: Memory Usage (4768472K) : Executing rule DM2.8
2026-09-27 16:53:51 +0200: Memory Usage (4768472K) : Executing deck dummy_metal3 from /foss/pdks/gf180mcuD/libs.tech/klayout/tech/drc/rule_decks/dummy_metal.rb
2026-09-27 16:53:51 +0200: Memory Usage (4768472K) : Executing rule DM3.2b
2026-09-27 16:53:51 +0200: Memory Usage (4768472K) : Executing rule DM3.3
2026-09-27 16:53:51 +0200: Memory Usage (4768472K) : Executing rule DM3.8
2026-09-27 16:53:51 +0200: Memory Usage (4768472K) : Executing deck dummy_metal4 from /foss/pdks/gf180mcuD/libs.tech/klayout/tech/drc/rule_decks/dummy_metal.rb
2026-09-27 16:53:51 +0200: Memory Usage (4768472K) : Executing rule DM4.2b
2026-09-27 16:53:51 +0200: Memory Usage (4768472K) : Executing rule DM4.3
2026-09-27 16:53:51 +0200: Memory Usage (4768472K) : Executing rule DM4.8
2026-09-27 16:53:51 +0200: Memory Usage (4768472K) : Executing deck dummy_metal5 from /foss/pdks/gf180mcuD/libs.tech/klayout/tech/drc/rule_decks/dummy_metal.rb
2026-09-27 16:53:51 +0200: Memory Usage (4768472K) : Executing rule DM5.2b
2026-09-27 16:53:51 +0200: Memory Usage (4768472K) : Executing rule DM5.3
2026-09-27 16:53:51 +0200: Memory Usage (4768472K) : Executing rule DM5.8
2026-09-27 16:53:51 +0200: Memory Usage (4768472K) : Executing deck dummy_metal6 from /foss/pdks/gf180mcuD/libs.tech/klayout/tech/drc/rule_decks/dummy_metal.rb
2026-09-27 16:53:51 +0200: Memory Usage (4768472K) : Executing deck dummy_poly2 from /foss/pdks/gf180mcuD/libs.tech/klayout/tech/drc/rule_decks/dummy_poly2.rb
2026-09-27 16:53:51 +0200: Memory Usage (4768472K) : Starting Dummy Poly2 derivations
2026-09-27 16:53:51 +0200: Memory Usage (4768472K) : Executing rule DPF.1
2026-09-27 16:53:51 +0200: Memory Usage (4768472K) : Executing rule DPF.2b
2026-09-27 16:53:51 +0200: Memory Usage (4768472K) : Executing rule DPF.4
2026-09-27 16:53:51 +0200: Memory Usage (4768472K) : Executing rule DPF.5
2026-09-27 16:53:51 +0200: Memory Usage (4768472K) : Executing rule DPF.6a
2026-09-27 16:53:51 +0200: Memory Usage (4768472K) : Executing rule DPF.6b
2026-09-27 16:53:51 +0200: Memory Usage (4768472K) : Executing rule DPF.6c
2026-09-27 16:53:51 +0200: Memory Usage (4768472K) : Executing rule DPF.6d
2026-09-27 16:53:51 +0200: Memory Usage (4768472K) : Executing rule DPF.8
2026-09-27 16:53:51 +0200: Memory Usage (4768472K) : Executing rule DPF.9
2026-09-27 16:53:51 +0200: Memory Usage (4768472K) : Executing rule DPF.11
2026-09-27 16:53:51 +0200: Memory Usage (4768472K) : Executing rule DPF.14
2026-09-27 16:53:51 +0200: Memory Usage (4768472K) : Executing rule DPF.16
2026-09-27 16:53:51 +0200: Memory Usage (4768472K) : Executing rule DPF.19
2026-09-27 16:53:51 +0200: Memory Usage (4768472K) : Executing deck efuse from /foss/pdks/gf180mcuD/libs.tech/klayout/tech/drc/rule_decks/efuse.rb
2026-09-27 16:53:51 +0200: Memory Usage (4768472K) : Starting EFUSE derivations
2026-09-27 16:53:51 +0200: Memory Usage (4768472K) : Executing rule EF.01
2026-09-27 16:53:51 +0200: Memory Usage (4768472K) : Executing rule EF.02
2026-09-27 16:53:51 +0200: Memory Usage (4768472K) : Executing rule EF.03
2026-09-27 16:53:51 +0200: Memory Usage (4768472K) : Executing rule EF.04a
2026-09-27 16:53:51 +0200: Memory Usage (4768472K) : Executing rule EF.04b
2026-09-27 16:53:51 +0200: Memory Usage (4768472K) : Executing rule EF.04c
2026-09-27 16:53:51 +0200: Memory Usage (4768472K) : Executing rule EF.04d
2026-09-27 16:53:51 +0200: Memory Usage (4768472K) : Executing rule EF.05
2026-09-27 16:53:51 +0200: Memory Usage (4768472K) : Executing rule EF.06
2026-09-27 16:53:51 +0200: Memory Usage (4768472K) : Executing rule EF.07
2026-09-27 16:53:51 +0200: Memory Usage (4768472K) : Executing rule EF.08
2026-09-27 16:53:51 +0200: Memory Usage (4768472K) : Executing rule EF.09
2026-09-27 16:53:51 +0200: Memory Usage (4768472K) : Executing rule EF.10
2026-09-27 16:53:51 +0200: Memory Usage (4768472K) : Executing rule EF.11
2026-09-27 16:53:51 +0200: Memory Usage (4768472K) : Executing rule EF.12
2026-09-27 16:53:51 +0200: Memory Usage (4768472K) : Executing rule EF.13
2026-09-27 16:53:51 +0200: Memory Usage (4768472K) : Executing rule EF.14
2026-09-27 16:53:51 +0200: Memory Usage (4768472K) : Executing rule EF.15
2026-09-27 16:53:51 +0200: Memory Usage (4768472K) : Executing rule EF.16a
2026-09-27 16:53:51 +0200: Memory Usage (4768472K) : Executing rule EF.16b
2026-09-27 16:53:51 +0200: Memory Usage (4768472K) : Executing rule EF.17
2026-09-27 16:53:51 +0200: Memory Usage (4768472K) : Executing rule EF.18
2026-09-27 16:53:52 +0200: Memory Usage (4768472K) : Executing rule EF.19
2026-09-27 16:53:52 +0200: Memory Usage (4768472K) : Executing rule EF.20
2026-09-27 16:53:52 +0200: Memory Usage (4768472K) : Executing rule EF.21
2026-09-27 16:53:52 +0200: Memory Usage (4768472K) : Executing rule EF.22a
2026-09-27 16:53:52 +0200: Memory Usage (4768472K) : Executing rule EF.22b
2026-09-27 16:53:52 +0200: Memory Usage (4768472K) : Executing deck esd from /foss/pdks/gf180mcuD/libs.tech/klayout/tech/drc/rule_decks/esd.rb
2026-09-27 16:53:52 +0200: Memory Usage (4768472K) : Starting ESD derivations
2026-09-27 16:53:52 +0200: Memory Usage (4768472K) : Executing rule ESD.1
2026-09-27 16:53:52 +0200: Memory Usage (4768472K) : Executing rule ESD.2
2026-09-27 16:53:52 +0200: Memory Usage (4768472K) : Executing rule ESD.3a
2026-09-27 16:53:52 +0200: Memory Usage (4768472K) : Executing rule ESD.3b
2026-09-27 16:53:52 +0200: Memory Usage (4768472K) : Executing rule ESD.4a
2026-09-27 16:53:52 +0200: Memory Usage (4768472K) : Executing rule ESD.4b
2026-09-27 16:53:52 +0200: Memory Usage (4768472K) : Executing rule ESD.5a
2026-09-27 16:53:52 +0200: Memory Usage (4768472K) : Executing rule ESD.5b
2026-09-27 16:53:52 +0200: Memory Usage (4768472K) : Executing rule ESD.6
2026-09-27 16:53:52 +0200: Memory Usage (4768472K) : Executing rule ESD.7
2026-09-27 16:53:52 +0200: Memory Usage (4768472K) : Executing rule ESD.8
2026-09-27 16:53:52 +0200: Memory Usage (4768472K) : Executing rule ESD.pl
2026-09-27 16:53:52 +0200: Memory Usage (4768472K) : Executing rule ESD.9
2026-09-27 16:53:52 +0200: Memory Usage (4768472K) : Executing rule ESD.10
2026-09-27 16:53:52 +0200: Memory Usage (4768472K) : Executing deck guard_ring from /foss/pdks/gf180mcuD/libs.tech/klayout/tech/drc/rule_decks/guard_ring.rb
2026-09-27 16:53:52 +0200: Memory Usage (4768472K) : Executing rule GR.1
2026-09-27 16:53:52 +0200: Memory Usage (4768472K) : Executing rule GR.2
2026-09-27 16:53:52 +0200: Memory Usage (4768472K) : Executing rule GR.3
2026-09-27 16:53:52 +0200: Memory Usage (4768472K) : Executing rule GR.4
2026-09-27 16:53:52 +0200: Memory Usage (4768472K) : Executing rule GR.6
2026-09-27 16:53:52 +0200: Memory Usage (4768472K) : Executing deck guard_ring_wedge from /foss/pdks/gf180mcuD/libs.tech/klayout/tech/drc/rule_decks/guard_ring.rb
2026-09-27 16:53:52 +0200: Memory Usage (4768472K) : Executing rule GR.11
2026-09-27 16:53:52 +0200: Memory Usage (4768472K) : Executing deck hres from /foss/pdks/gf180mcuD/libs.tech/klayout/tech/drc/rule_decks/hres.rb
2026-09-27 16:53:52 +0200: Memory Usage (4768472K) : Starting HRES derivations
2026-09-27 16:53:52 +0200: Memory Usage (4768472K) : Executing rule HRES.1
2026-09-27 16:53:52 +0200: Memory Usage (4768472K) : Executing rule HRES.2
2026-09-27 16:53:52 +0200: Memory Usage (4768472K) : Executing rule HRES.3
2026-09-27 16:53:52 +0200: Memory Usage (4768472K) : Executing rule HRES.4
2026-09-27 16:53:52 +0200: Memory Usage (4768472K) : Executing rule HRES.5
2026-09-27 16:53:52 +0200: Memory Usage (4768472K) : Executing rule HRES.6
2026-09-27 16:53:52 +0200: Memory Usage (4768472K) : Executing rule HRES.7
2026-09-27 16:53:52 +0200: Memory Usage (4768472K) : Executing rule HRES.8
2026-09-27 16:53:52 +0200: Memory Usage (4768536K) : Executing rule HRES.9
2026-09-27 16:53:52 +0200: Memory Usage (4768536K) : Executing rule HRES.10
2026-09-27 16:53:52 +0200: Memory Usage (4768536K) : Executing rule HRES.12a
2026-09-27 16:53:52 +0200: Memory Usage (4768536K) : Executing rule HRES.12b
2026-09-27 16:53:52 +0200: Memory Usage (4768536K) : Executing deck ldnmos from /foss/pdks/gf180mcuD/libs.tech/klayout/tech/drc/rule_decks/ldnmos.rb
2026-09-27 16:53:52 +0200: Memory Usage (4768536K) : Starting 10V LDNMOS derivations
2026-09-27 16:53:52 +0200: Memory Usage (4768536K) : Executing rule MDN.1
2026-09-27 16:53:52 +0200: Memory Usage (4768536K) : Executing rule MDN.2a
2026-09-27 16:53:52 +0200: Memory Usage (4768536K) : Executing rule MDN.2b
2026-09-27 16:53:52 +0200: Memory Usage (4768536K) : Executing rule MDN.3a
2026-09-27 16:53:53 +0200: Memory Usage (4768536K) : Executing rule MDN.3b
2026-09-27 16:53:53 +0200: Memory Usage (4768536K) : Executing rule MDN.4a
2026-09-27 16:53:53 +0200: Memory Usage (4768536K) : Executing rule MDN.4b
2026-09-27 16:53:53 +0200: Memory Usage (4768536K) : Executing rule MDN.5ai
2026-09-27 16:53:53 +0200: Memory Usage (4768536K) : Executing rule MDN.5aii
2026-09-27 16:53:53 +0200: Memory Usage (4768536K) : Executing rule MDN.5b
2026-09-27 16:53:53 +0200: Memory Usage (4768536K) : Executing rule MDN.5c
2026-09-27 16:53:53 +0200: Memory Usage (4768536K) : Executing rule MDN.6
2026-09-27 16:53:53 +0200: Memory Usage (4768536K) : Executing rule MDN.6a
2026-09-27 16:53:53 +0200: Memory Usage (4768536K) : Executing rule MDN.7
2026-09-27 16:53:53 +0200: Memory Usage (4768536K) : Executing rule MDN.7a
2026-09-27 16:53:53 +0200: Memory Usage (4768536K) : Executing rule MDN.8a
2026-09-27 16:53:53 +0200: Memory Usage (4768536K) : Executing rule MDN.8b
2026-09-27 16:53:53 +0200: Memory Usage (4768536K) : Executing rule MDN.9
2026-09-27 16:53:53 +0200: Memory Usage (4768536K) : Executing rule MDN.10a
2026-09-27 16:53:53 +0200: Memory Usage (4768536K) : Executing rule MDN.10b
2026-09-27 16:53:53 +0200: Memory Usage (4768536K) : Executing rule MDN.10c
2026-09-27 16:53:53 +0200: Memory Usage (4768536K) : Executing rule MDN.10d
2026-09-27 16:53:53 +0200: Memory Usage (4768536K) : Executing rule MDN.10ei
2026-09-27 16:53:53 +0200: Memory Usage (4768536K) : Executing rule MDN.10eii
2026-09-27 16:53:53 +0200: Memory Usage (4768536K) : Executing rule MDN.10f
2026-09-27 16:53:53 +0200: Memory Usage (4768536K) : Executing rule MDN.11
2026-09-27 16:53:53 +0200: Memory Usage (4768536K) : Executing rule MDN.12
2026-09-27 16:53:53 +0200: Memory Usage (4768536K) : Executing rule MDN.13a
2026-09-27 16:53:53 +0200: Memory Usage (4768536K) : Executing rule MDN.13b
2026-09-27 16:53:53 +0200: Memory Usage (4768536K) : Executing rule MDN.13c
2026-09-27 16:53:53 +0200: Memory Usage (4768536K) : Executing rule MDN.13d
2026-09-27 16:53:53 +0200: Memory Usage (4768536K) : Executing rule MDN.14
2026-09-27 16:53:53 +0200: Memory Usage (4768536K) : Executing rule MDN.15a
2026-09-27 16:53:53 +0200: Memory Usage (4768536K) : Executing rule MDN.15b
2026-09-27 16:53:53 +0200: Memory Usage (4768536K) : Executing rule MDN.17
2026-09-27 16:53:53 +0200: Memory Usage (4768536K) : Executing deck ldpmos from /foss/pdks/gf180mcuD/libs.tech/klayout/tech/drc/rule_decks/ldpmos.rb
2026-09-27 16:53:53 +0200: Memory Usage (4768536K) : Executing rule MDP.1
2026-09-27 16:53:53 +0200: Memory Usage (4768536K) : Executing rule MDP.1a
2026-09-27 16:53:53 +0200: Memory Usage (4768536K) : Executing rule MDP.2
2026-09-27 16:53:53 +0200: Memory Usage (4768536K) : Executing rule MDP.3
2026-09-27 16:53:53 +0200: Memory Usage (4768536K) : Executing rule MDP.3ai
2026-09-27 16:53:53 +0200: Memory Usage (4768536K) : Executing rule MDP.3aii
2026-09-27 16:53:53 +0200: Memory Usage (4768536K) : Executing rule MDP.3b
2026-09-27 16:53:53 +0200: Memory Usage (4768536K) : Executing rule MDP.3c
2026-09-27 16:53:54 +0200: Memory Usage (4768536K) : Executing rule MDP.3d
2026-09-27 16:53:54 +0200: Memory Usage (4768536K) : Executing rule MDP.4
2026-09-27 16:53:54 +0200: Memory Usage (4768536K) : Executing rule MDP.4a
2026-09-27 16:53:54 +0200: Memory Usage (4768536K) : Executing rule MDP.4b
2026-09-27 16:53:54 +0200: Memory Usage (4768536K) : Executing rule MDP.5
2026-09-27 16:53:54 +0200: Memory Usage (4768536K) : Executing rule MDP.5a
2026-09-27 16:53:54 +0200: Memory Usage (4768536K) : Executing rule MDP.6
2026-09-27 16:53:54 +0200: Memory Usage (4768536K) : Executing rule MDP.6a
2026-09-27 16:53:54 +0200: Memory Usage (4768536K) : Executing rule MDP.7
2026-09-27 16:53:54 +0200: Memory Usage (4768536K) : Executing rule MDP.8
2026-09-27 16:53:54 +0200: Memory Usage (4768536K) : Executing rule MDP.9a
2026-09-27 16:53:54 +0200: Memory Usage (4768536K) : Executing rule MDP.9b
2026-09-27 16:53:54 +0200: Memory Usage (4768536K) : Executing rule MDP.9c
2026-09-27 16:53:54 +0200: Memory Usage (4768536K) : Executing rule MDP.9d
2026-09-27 16:53:54 +0200: Memory Usage (4768536K) : Executing rule MDP.9ei
2026-09-27 16:53:54 +0200: Memory Usage (4768536K) : Executing rule MDP.9eii
2026-09-27 16:53:54 +0200: Memory Usage (4768536K) : Executing rule MDP.9f
2026-09-27 16:53:54 +0200: Memory Usage (4768536K) : Executing rule MDP.10
2026-09-27 16:53:54 +0200: Memory Usage (4768536K) : Executing rule MDP.10a
2026-09-27 16:53:54 +0200: Memory Usage (4768536K) : Executing rule MDP.10b
2026-09-27 16:53:54 +0200: Memory Usage (4768536K) : Executing rule MDP.11
2026-09-27 16:53:54 +0200: Memory Usage (4768536K) : Executing rule MDP.12
2026-09-27 16:53:54 +0200: Memory Usage (4768536K) : Executing rule MDP.13a
2026-09-27 16:53:54 +0200: Memory Usage (4768536K) : Executing rule MDP.13b
2026-09-27 16:53:54 +0200: Memory Usage (4768536K) : Executing rule MDP.13c
2026-09-27 16:53:54 +0200: Memory Usage (4768536K) : Executing rule MDP.15
2026-09-27 16:53:54 +0200: Memory Usage (4768536K) : Executing rule MDP.16a
2026-09-27 16:53:54 +0200: Memory Usage (4768536K) : Executing rule MDP.16b
2026-09-27 16:53:54 +0200: Memory Usage (4768536K) : Executing rule MDP.17a
2026-09-27 16:53:54 +0200: Memory Usage (4768536K) : Executing rule MDP.17c
2026-09-27 16:53:54 +0200: Memory Usage (4768536K) : Executing deck lres from /foss/pdks/gf180mcuD/libs.tech/klayout/tech/drc/rule_decks/lres.rb
2026-09-27 16:53:54 +0200: Memory Usage (4768536K) : Starting LRES derivations
2026-09-27 16:53:54 +0200: Memory Usage (4768536K) : Executing rule LRES.1
2026-09-27 16:53:54 +0200: Memory Usage (4768536K) : Executing rule LRES.2
2026-09-27 16:53:54 +0200: Memory Usage (4768536K) : Executing rule LRES.3
2026-09-27 16:53:54 +0200: Memory Usage (4768536K) : Executing rule LRES.4
2026-09-27 16:53:54 +0200: Memory Usage (4768536K) : Executing rule LRES.5
2026-09-27 16:53:54 +0200: Memory Usage (4768536K) : Executing rule LRES.6
2026-09-27 16:53:54 +0200: Memory Usage (4768536K) : Executing rule LRES.7
2026-09-27 16:53:54 +0200: Memory Usage (4768536K) : Executing rule LRES.9a
2026-09-27 16:53:54 +0200: Memory Usage (4768536K) : Executing rule LRES.9b
2026-09-27 16:53:55 +0200: Memory Usage (4768536K) : Executing deck lvpwell from /foss/pdks/gf180mcuD/libs.tech/klayout/tech/drc/rule_decks/lvpwell.rb
2026-09-27 16:53:55 +0200: Memory Usage (4768536K) : Starting LVPWELL derivations
2026-09-27 16:53:55 +0200: Memory Usage (4768536K) : Executing rule LPW.1_LV
2026-09-27 16:53:55 +0200: Memory Usage (4768536K) : Executing rule LPW.1_MV
2026-09-27 16:53:55 +0200: Memory Usage (4768536K) : Executing rule LPW.2a_LV
2026-09-27 16:53:55 +0200: Memory Usage (4768536K) : Executing rule LPW.2a_MV
2026-09-27 16:53:55 +0200: Memory Usage (4768536K) : Executing rule LPW.2b_LV
2026-09-27 16:53:55 +0200: Memory Usage (4768536K) : Executing rule LPW.2b_MV
2026-09-27 16:53:55 +0200: Memory Usage (4768536K) : Executing rule LPW.3_LV
2026-09-27 16:53:55 +0200: Memory Usage (4768536K) : Executing rule LPW.5
2026-09-27 16:53:55 +0200: Memory Usage (4768536K) : Executing rule LPW.11
2026-09-27 16:53:55 +0200: Memory Usage (4768536K) : Executing rule LPW.12
2026-09-27 16:53:55 +0200: Memory Usage (4768536K) : Executing deck lvs_bjt from /foss/pdks/gf180mcuD/libs.tech/klayout/tech/drc/rule_decks/lvs_bjt.rb
2026-09-27 16:53:55 +0200: Memory Usage (4768536K) : Executing rule LVS_BJT.1
2026-09-27 16:53:55 +0200: Memory Usage (4768536K) : Executing deck mcell from /foss/pdks/gf180mcuD/libs.tech/klayout/tech/drc/rule_decks/mcell.rb
2026-09-27 16:53:55 +0200: Memory Usage (4768536K) : Executing rule MC.1
2026-09-27 16:53:55 +0200: Memory Usage (4768536K) : Executing rule MC.2
2026-09-27 16:53:55 +0200: Memory Usage (4768536K) : Executing rule MC.3
2026-09-27 16:53:55 +0200: Memory Usage (4768536K) : Executing rule MC.4
2026-09-27 16:53:55 +0200: Memory Usage (4768536K) : Executing deck metal1 from /foss/pdks/gf180mcuD/libs.tech/klayout/tech/drc/rule_decks/metal.rb
2026-09-27 16:53:55 +0200: Memory Usage (4768536K) : Executing rule M1.1
2026-09-27 16:53:55 +0200: Memory Usage (4768536K) : Executing rule M1.2a
2026-09-27 16:53:56 +0200: Memory Usage (4768536K) : Executing rule M1.2b
2026-09-27 16:53:56 +0200: Memory Usage (4768536K) : Executing rule M1.3
2026-09-27 16:53:56 +0200: Memory Usage (4768536K) : Executing deck metal2 from /foss/pdks/gf180mcuD/libs.tech/klayout/tech/drc/rule_decks/metal.rb
2026-09-27 16:53:56 +0200: Memory Usage (4768536K) : Executing rule M2.1
2026-09-27 16:53:56 +0200: Memory Usage (4768536K) : Executing rule M2.2a
2026-09-27 16:53:56 +0200: Memory Usage (4768536K) : Executing rule M2.2b
2026-09-27 16:53:56 +0200: Memory Usage (4768536K) : Executing rule M2.3
2026-09-27 16:53:56 +0200: Memory Usage (4768536K) : Executing deck metal3 from /foss/pdks/gf180mcuD/libs.tech/klayout/tech/drc/rule_decks/metal.rb
2026-09-27 16:53:56 +0200: Memory Usage (4768536K) : Executing rule M3.1
2026-09-27 16:53:56 +0200: Memory Usage (4768536K) : Executing rule M3.2a
2026-09-27 16:53:56 +0200: Memory Usage (4768536K) : Executing rule M3.2b
2026-09-27 16:53:56 +0200: Memory Usage (4768536K) : Executing rule M3.3
2026-09-27 16:53:56 +0200: Memory Usage (4768536K) : Executing deck metal4 from /foss/pdks/gf180mcuD/libs.tech/klayout/tech/drc/rule_decks/metal.rb
2026-09-27 16:53:56 +0200: Memory Usage (4768536K) : Executing rule M4.1
2026-09-27 16:53:56 +0200: Memory Usage (4768536K) : Executing rule M4.2a
2026-09-27 16:53:56 +0200: Memory Usage (4768536K) : Executing rule M4.2b
2026-09-27 16:53:57 +0200: Memory Usage (4768536K) : Executing rule M4.3
2026-09-27 16:53:57 +0200: Memory Usage (4768536K) : Executing deck metal5 from /foss/pdks/gf180mcuD/libs.tech/klayout/tech/drc/rule_decks/metal.rb
2026-09-27 16:53:57 +0200: Memory Usage (4768536K) : Executing deck metaltop from /foss/pdks/gf180mcuD/libs.tech/klayout/tech/drc/rule_decks/metaltop.rb
2026-09-27 16:53:57 +0200: Memory Usage (4768536K) : MetalTop thickness 9k/11k section
2026-09-27 16:53:57 +0200: Memory Usage (4768536K) : Executing rule MT.1
2026-09-27 16:53:57 +0200: Memory Usage (4768536K) : Executing rule MT.2a
2026-09-27 16:53:57 +0200: Memory Usage (4768536K) : Executing rule MT.2b
2026-09-27 16:53:57 +0200: Memory Usage (4768536K) : Executing rule MT.4
2026-09-27 16:53:57 +0200: Memory Usage (4768536K) : Executing deck metaltop_30k from /foss/pdks/gf180mcuD/libs.tech/klayout/tech/drc/rule_decks/metaltop_30k.rb
2026-09-27 16:53:57 +0200: Memory Usage (4768536K) : Executing deck mim_a from /foss/pdks/gf180mcuD/libs.tech/klayout/tech/drc/rule_decks/mim_a.rb
2026-09-27 16:53:57 +0200: Memory Usage (4768536K) : Executing deck mim_b from /foss/pdks/gf180mcuD/libs.tech/klayout/tech/drc/rule_decks/mim_b.rb
2026-09-27 16:53:57 +0200: Memory Usage (4768536K) : MIM Capacitor Option B section
2026-09-27 16:53:57 +0200: Memory Usage (4768536K) : Executing rule MIMTM.1
2026-09-27 16:53:57 +0200: Memory Usage (4768536K) : Executing rule MIMTM.2
2026-09-27 16:54:50 +0200: Memory Usage (4768536K) : Executing rule MIMTM.3
2026-09-27 16:54:50 +0200: Memory Usage (4768536K) : Executing rule MIMTM.4
2026-09-27 16:55:50 +0200: Memory Usage (4768536K) : Executing rule MIMTM.5
2026-09-27 16:56:40 +0200: Memory Usage (4768536K) : Executing rule MIMTM.6
2026-09-27 16:56:40 +0200: Memory Usage (4768536K) : Executing rule MIMTM.7
2026-09-27 16:56:40 +0200: Memory Usage (4768536K) : Executing rule MIMTM.8a
2026-09-27 16:56:40 +0200: Memory Usage (4768536K) : Executing rule MIMTM.8b
2026-09-27 16:56:40 +0200: Memory Usage (4768536K) : Executing rule MIMTM.9
2026-09-27 16:57:10 +0200: Memory Usage (4768536K) : Executing rule MIMTM.10
2026-09-27 16:57:10 +0200: Memory Usage (4768536K) : Executing rule MIMTM.11
2026-09-27 16:57:11 +0200: Memory Usage (4769304K) : Executing deck mslot1 from /foss/pdks/gf180mcuD/libs.tech/klayout/tech/drc/rule_decks/mslot.rb
2026-09-27 16:57:11 +0200: Memory Usage (4769304K) : Starting Metal Slotting rules derivations
2026-09-27 16:57:11 +0200: Memory Usage (4769304K) : Checking slots for Metal1
2026-09-27 16:57:11 +0200: Memory Usage (4769304K) : Executing rule MSLOT1.1
2026-09-27 16:57:11 +0200: Memory Usage (4769304K) : Executing rule MSLOT1.2
2026-09-27 16:57:11 +0200: Memory Usage (4769304K) : Executing rule MSLOT1.3
2026-09-27 16:57:11 +0200: Memory Usage (4769304K) : Executing rule MSLOT1.4
2026-09-27 16:57:11 +0200: Memory Usage (4769304K) : Executing rule MSLOT1.5
2026-09-27 16:57:11 +0200: Memory Usage (4769304K) : Executing rule MSLOT1.7
2026-09-27 16:57:11 +0200: Memory Usage (4769304K) : Executing rule MSLOT1.8
2026-09-27 16:57:11 +0200: Memory Usage (4769304K) : Executing rule MSLOT1.9
2026-09-27 16:57:11 +0200: Memory Usage (4769304K) : Executing deck mslot2 from /foss/pdks/gf180mcuD/libs.tech/klayout/tech/drc/rule_decks/mslot.rb
2026-09-27 16:57:11 +0200: Memory Usage (4769304K) : Starting Metal Slotting rules derivations
2026-09-27 16:57:11 +0200: Memory Usage (4769304K) : Checking slots for Metal2
2026-09-27 16:57:11 +0200: Memory Usage (4769304K) : Executing rule MSLOT2.1
2026-09-27 16:57:11 +0200: Memory Usage (4769304K) : Executing rule MSLOT2.2
2026-09-27 16:57:11 +0200: Memory Usage (4769304K) : Executing rule MSLOT2.3
2026-09-27 16:57:11 +0200: Memory Usage (4769304K) : Executing rule MSLOT2.4
2026-09-27 16:57:11 +0200: Memory Usage (4769304K) : Executing rule MSLOT2.5
2026-09-27 16:57:11 +0200: Memory Usage (4769304K) : Executing rule MSLOT2.7
2026-09-27 16:57:11 +0200: Memory Usage (4769304K) : Executing rule MSLOT2.8
2026-09-27 16:57:12 +0200: Memory Usage (4769304K) : Executing rule MSLOT2.9
2026-09-27 16:57:12 +0200: Memory Usage (4769304K) : Executing deck mslot3 from /foss/pdks/gf180mcuD/libs.tech/klayout/tech/drc/rule_decks/mslot.rb
2026-09-27 16:57:12 +0200: Memory Usage (4769304K) : Starting Metal Slotting rules derivations
2026-09-27 16:57:12 +0200: Memory Usage (4769304K) : Checking slots for Metal3
2026-09-27 16:57:12 +0200: Memory Usage (4769304K) : Executing rule MSLOT3.1
2026-09-27 16:57:12 +0200: Memory Usage (4769304K) : Executing rule MSLOT3.2
2026-09-27 16:57:12 +0200: Memory Usage (4769304K) : Executing rule MSLOT3.3
2026-09-27 16:57:12 +0200: Memory Usage (4769304K) : Executing rule MSLOT3.4
2026-09-27 16:57:12 +0200: Memory Usage (4769304K) : Executing rule MSLOT3.5
2026-09-27 16:57:12 +0200: Memory Usage (4769304K) : Executing rule MSLOT3.7
2026-09-27 16:57:12 +0200: Memory Usage (4769304K) : Executing rule MSLOT3.8
2026-09-27 16:57:12 +0200: Memory Usage (4769304K) : Executing rule MSLOT3.9
2026-09-27 16:57:12 +0200: Memory Usage (4769304K) : Executing deck mslot4 from /foss/pdks/gf180mcuD/libs.tech/klayout/tech/drc/rule_decks/mslot.rb
2026-09-27 16:57:12 +0200: Memory Usage (4769304K) : Starting Metal Slotting rules derivations
2026-09-27 16:57:12 +0200: Memory Usage (4769304K) : Checking slots for Metal4
2026-09-27 16:57:19 +0200: Memory Usage (4769304K) : Executing rule MSLOT4.1
2026-09-27 16:57:19 +0200: Memory Usage (4769304K) : Executing rule MSLOT4.2
2026-09-27 16:57:19 +0200: Memory Usage (4769304K) : Executing rule MSLOT4.3
2026-09-27 16:57:19 +0200: Memory Usage (4769304K) : Executing rule MSLOT4.4
2026-09-27 16:57:19 +0200: Memory Usage (4769304K) : Executing rule MSLOT4.5
2026-09-27 16:57:19 +0200: Memory Usage (4769304K) : Executing rule MSLOT4.7
2026-09-27 16:57:19 +0200: Memory Usage (4769304K) : Executing rule MSLOT4.8
2026-09-27 16:57:19 +0200: Memory Usage (4769304K) : Executing rule MSLOT4.9
2026-09-27 16:57:19 +0200: Memory Usage (4769304K) : Executing deck mslot5 from /foss/pdks/gf180mcuD/libs.tech/klayout/tech/drc/rule_decks/mslot.rb
2026-09-27 16:57:19 +0200: Memory Usage (4769304K) : Starting Metal Slotting rules derivations
2026-09-27 16:57:19 +0200: Memory Usage (4769304K) : Checking slots for Metal5
2026-09-27 16:57:25 +0200: Memory Usage (4769304K) : Executing rule MSLOT5.1
2026-09-27 16:57:26 +0200: Memory Usage (4769304K) : Executing rule MSLOT5.2
2026-09-27 16:57:26 +0200: Memory Usage (4769304K) : Executing rule MSLOT5.3
2026-09-27 16:57:26 +0200: Memory Usage (4769304K) : Executing rule MSLOT5.4
2026-09-27 16:57:26 +0200: Memory Usage (4769304K) : Executing rule MSLOT5.5
2026-09-27 16:57:26 +0200: Memory Usage (4769304K) : Executing rule MSLOT5.7
2026-09-27 16:57:26 +0200: Memory Usage (4769304K) : Executing rule MSLOT5.8
2026-09-27 16:57:26 +0200: Memory Usage (4769304K) : Executing rule MSLOT5.9
2026-09-27 16:57:26 +0200: Memory Usage (4769304K) : Executing deck mslot6 from /foss/pdks/gf180mcuD/libs.tech/klayout/tech/drc/rule_decks/mslot.rb
2026-09-27 16:57:26 +0200: Memory Usage (4769304K) : Executing deck nat from /foss/pdks/gf180mcuD/libs.tech/klayout/tech/drc/rule_decks/nat.rb
2026-09-27 16:57:26 +0200: Memory Usage (4769304K) : Starting NAT derivations
2026-09-27 16:57:26 +0200: Memory Usage (4769304K) : Executing rule NAT.1
2026-09-27 16:57:26 +0200: Memory Usage (4769304K) : Executing rule NAT.2
2026-09-27 16:57:26 +0200: Memory Usage (4769304K) : Executing rule NAT.3
2026-09-27 16:57:26 +0200: Memory Usage (4769304K) : Executing rule NAT.4
2026-09-27 16:57:26 +0200: Memory Usage (4769304K) : Executing rule NAT.5
2026-09-27 16:57:26 +0200: Memory Usage (4769304K) : Executing rule NAT.6
2026-09-27 16:57:26 +0200: Memory Usage (4769304K) : Executing rule NAT.7
2026-09-27 16:57:26 +0200: Memory Usage (4769304K) : Executing rule NAT.8
2026-09-27 16:57:26 +0200: Memory Usage (4769304K) : Executing rule NAT.9
2026-09-27 16:57:26 +0200: Memory Usage (4769304K) : Executing rule NAT.10
2026-09-27 16:57:26 +0200: Memory Usage (4769304K) : Executing rule NAT.11
2026-09-27 16:57:26 +0200: Memory Usage (4769304K) : Executing rule NAT.12
2026-09-27 16:57:26 +0200: Memory Usage (4769304K) : Executing deck nplus from /foss/pdks/gf180mcuD/libs.tech/klayout/tech/drc/rule_decks/nplus.rb
2026-09-27 16:57:26 +0200: Memory Usage (4769304K) : Starting NPLUS derivations
2026-09-27 16:57:26 +0200: Memory Usage (4769304K) : Executing rule NP.1
2026-09-27 16:57:26 +0200: Memory Usage (4769304K) : Executing rule NP.2
2026-09-27 16:57:26 +0200: Memory Usage (4769304K) : Executing rule NP.3a
2026-09-27 16:57:26 +0200: Memory Usage (4769304K) : Executing rule NP.3bi
2026-09-27 16:57:26 +0200: Memory Usage (4769304K) : Executing rule NP.3bii
2026-09-27 16:57:26 +0200: Memory Usage (4769304K) : Executing rule NP.3ci
2026-09-27 16:57:26 +0200: Memory Usage (4769304K) : Executing rule NP.3cii
2026-09-27 16:57:26 +0200: Memory Usage (4769304K) : Executing rule NP.3d
2026-09-27 16:57:26 +0200: Memory Usage (4769304K) : Executing rule NP.3e
2026-09-27 16:57:26 +0200: Memory Usage (4769304K) : Executing rule NP.4a
2026-09-27 16:57:26 +0200: Memory Usage (4769304K) : Executing rule NP.4b
2026-09-27 16:57:26 +0200: Memory Usage (4769304K) : Executing rule NP.5a
2026-09-27 16:57:26 +0200: Memory Usage (4769304K) : Executing rule PP.5b
2026-09-27 16:57:26 +0200: Memory Usage (4769304K) : Executing rule NP.5ci
2026-09-27 16:57:26 +0200: Memory Usage (4769304K) : Executing rule NP.5cii
2026-09-27 16:57:26 +0200: Memory Usage (4769304K) : Executing rule NP.5di
2026-09-27 16:57:26 +0200: Memory Usage (4769304K) : Executing rule NP.5dii
2026-09-27 16:57:26 +0200: Memory Usage (4769304K) : Executing rule NP.6
2026-09-27 16:57:26 +0200: Memory Usage (4769304K) : Executing rule NP.7
2026-09-27 16:57:27 +0200: Memory Usage (4769304K) : Executing rule NP.8a
2026-09-27 16:57:27 +0200: Memory Usage (4769304K) : Executing rule NP.8b
2026-09-27 16:57:27 +0200: Memory Usage (4769304K) : Executing rule NP.9
2026-09-27 16:57:27 +0200: Memory Usage (4769304K) : Executing rule NP.10
2026-09-27 16:57:27 +0200: Memory Usage (4769304K) : Executing rule NP.11
2026-09-27 16:57:27 +0200: Memory Usage (4769304K) : Executing rule NP.12
2026-09-27 16:57:27 +0200: Memory Usage (4769304K) : Executing deck nwell from /foss/pdks/gf180mcuD/libs.tech/klayout/tech/drc/rule_decks/nwell.rb
2026-09-27 16:57:27 +0200: Memory Usage (4769304K) : Starting NWELL derivations
2026-09-27 16:57:27 +0200: Memory Usage (4769304K) : Executing rule NW.1a_LV
2026-09-27 16:57:27 +0200: Memory Usage (4769304K) : Executing rule NW.1a_MV
2026-09-27 16:57:27 +0200: Memory Usage (4769304K) : Executing rule NW.1b_LV
2026-09-27 16:57:27 +0200: Memory Usage (4769304K) : Executing rule NW.1b_MV
2026-09-27 16:57:27 +0200: Memory Usage (4769304K) : Executing rule NW.2a_LV
2026-09-27 16:57:27 +0200: Memory Usage (4769304K) : Executing rule NW.2a_MV
2026-09-27 16:57:27 +0200: Memory Usage (4769304K) : Executing rule NW.2b_LV
2026-09-27 16:57:27 +0200: Memory Usage (4769304K) : Executing rule NW.2b_MV
2026-09-27 16:57:27 +0200: Memory Usage (4769304K) : Executing rule NW.3
2026-09-27 16:57:27 +0200: Memory Usage (4769304K) : Executing rule NW.4
2026-09-27 16:57:27 +0200: Memory Usage (4769368K) : Executing rule NW.5_LV
2026-09-27 16:57:27 +0200: Memory Usage (4769432K) : Executing rule NW.5_MV
2026-09-27 16:57:27 +0200: Memory Usage (4769496K) : Executing rule NW.6
2026-09-27 16:57:27 +0200: Memory Usage (4769560K) : Executing deck otp_mk from /foss/pdks/gf180mcuD/libs.tech/klayout/tech/drc/rule_decks/otp_mk.rb
2026-09-27 16:57:27 +0200: Memory Usage (4769560K) : Starting OTP_MK derivations
2026-09-27 16:57:27 +0200: Memory Usage (4769560K) : Executing rule O.DF.3a
2026-09-27 16:57:27 +0200: Memory Usage (4769560K) : Executing rule O.DF.6
2026-09-27 16:57:27 +0200: Memory Usage (4769624K) : Executing rule O.DF.9
2026-09-27 16:57:27 +0200: Memory Usage (4769688K) : Executing rule O.PL.2
2026-09-27 16:57:27 +0200: Memory Usage (4769752K) : Executing rule O.PL.3a
2026-09-27 16:57:27 +0200: Memory Usage (4769752K) : Executing rule O.PL.4
2026-09-27 16:57:27 +0200: Memory Usage (4769752K) : Executing rule O.SB.2
2026-09-27 16:57:27 +0200: Memory Usage (4769752K) : Executing rule O.SB.3
2026-09-27 16:57:27 +0200: Memory Usage (4769752K) : Executing rule O.SB.4
2026-09-27 16:57:27 +0200: Memory Usage (4769752K) : Executing rule O.SB.5b_LV
2026-09-27 16:57:27 +0200: Memory Usage (4769752K) : Executing rule O.SB.9
2026-09-27 16:57:27 +0200: Memory Usage (4769752K) : Executing rule O.SB.11
2026-09-27 16:57:27 +0200: Memory Usage (4769752K) : Executing rule O.SB.13_LV
2026-09-27 16:57:27 +0200: Memory Usage (4769752K) : Executing rule O.SB.13_MV
2026-09-27 16:57:27 +0200: Memory Usage (4769752K) : Executing rule O.CO.7
2026-09-27 16:57:27 +0200: Memory Usage (4769752K) : Executing rule O.PL.ORT
2026-09-27 16:57:27 +0200: Memory Usage (4769752K) : Executing deck poly2 from /foss/pdks/gf180mcuD/libs.tech/klayout/tech/drc/rule_decks/poly2.rb
2026-09-27 16:57:27 +0200: Memory Usage (4769752K) : Starting POLY2 derivations
2026-09-27 16:57:27 +0200: Memory Usage (4769752K) : Executing rule PL.1_LV
2026-09-27 16:57:27 +0200: Memory Usage (4769752K) : Executing rule PL.1_MV
2026-09-27 16:57:27 +0200: Memory Usage (4769752K) : Executing rule PL.1a_LV
2026-09-27 16:57:27 +0200: Memory Usage (4769752K) : Executing rule PL.1a_MV
2026-09-27 16:57:27 +0200: Memory Usage (4769752K) : Executing rule PL.2_LV
2026-09-27 16:57:27 +0200: Memory Usage (4769752K) : Executing rule PL.2_MV
2026-09-27 16:57:27 +0200: Memory Usage (4769752K) : Executing rule PL.3a
2026-09-27 16:57:27 +0200: Memory Usage (4769752K) : Executing rule PL.4_LV
2026-09-27 16:57:27 +0200: Memory Usage (4769752K) : Executing rule PL.4_MV
2026-09-27 16:57:27 +0200: Memory Usage (4769752K) : Executing rule PL.5a_LV
2026-09-27 16:57:27 +0200: Memory Usage (4769752K) : Executing rule PL.5a_MV
2026-09-27 16:57:27 +0200: Memory Usage (4769752K) : Executing rule PL.5b_LV
2026-09-27 16:57:27 +0200: Memory Usage (4769752K) : Executing rule PL.5b_MV
2026-09-27 16:57:27 +0200: Memory Usage (4769752K) : Executing rule PL.6
2026-09-27 16:57:27 +0200: Memory Usage (4769752K) : Executing rule PL.7_LV
2026-09-27 16:57:27 +0200: Memory Usage (4769752K) : Executing rule PL.7_MV
2026-09-27 16:57:28 +0200: Memory Usage (4769752K) : Executing rule PL.9
2026-09-27 16:57:28 +0200: Memory Usage (4769752K) : Executing rule PL.11
2026-09-27 16:57:28 +0200: Memory Usage (4769752K) : Executing rule PL.12
2026-09-27 16:57:28 +0200: Memory Usage (4769752K) : Executing deck pplus from /foss/pdks/gf180mcuD/libs.tech/klayout/tech/drc/rule_decks/pplus.rb
2026-09-27 16:57:28 +0200: Memory Usage (4769752K) : Starting PPLUS derivations
2026-09-27 16:57:28 +0200: Memory Usage (4769752K) : Executing rule PP.1
2026-09-27 16:57:28 +0200: Memory Usage (4769752K) : Executing rule PP.2
2026-09-27 16:57:28 +0200: Memory Usage (4769752K) : Executing rule PP.3a
2026-09-27 16:57:28 +0200: Memory Usage (4769752K) : Executing rule PP.3bi
2026-09-27 16:57:28 +0200: Memory Usage (4769752K) : Executing rule PP.3bii
2026-09-27 16:57:28 +0200: Memory Usage (4769752K) : Executing rule PP.3ci
2026-09-27 16:57:28 +0200: Memory Usage (4769752K) : Executing rule PP.3cii
2026-09-27 16:57:28 +0200: Memory Usage (4769752K) : Executing rule PP.3d
2026-09-27 16:57:28 +0200: Memory Usage (4769752K) : Executing rule PP.3e
2026-09-27 16:57:28 +0200: Memory Usage (4769752K) : Executing rule PP.4a
2026-09-27 16:57:28 +0200: Memory Usage (4769752K) : Executing rule PP.4b
2026-09-27 16:57:28 +0200: Memory Usage (4769752K) : Executing rule PP.5a
2026-09-27 16:57:28 +0200: Memory Usage (4769752K) : Executing rule PP.5b
2026-09-27 16:57:28 +0200: Memory Usage (4769752K) : Executing rule PP.5ci
2026-09-27 16:57:28 +0200: Memory Usage (4769752K) : Executing rule PP.5cii
2026-09-27 16:57:28 +0200: Memory Usage (4769752K) : Executing rule PP.5di
2026-09-27 16:57:28 +0200: Memory Usage (4769752K) : Executing rule PP.5dii
2026-09-27 16:57:28 +0200: Memory Usage (4769752K) : Executing rule PP.6
2026-09-27 16:57:28 +0200: Memory Usage (4769752K) : Executing rule PP.7
2026-09-27 16:57:28 +0200: Memory Usage (4769752K) : Executing rule PP.8a
2026-09-27 16:57:28 +0200: Memory Usage (4769752K) : Executing rule PP.8b
2026-09-27 16:57:28 +0200: Memory Usage (4769752K) : Executing rule PP.9
2026-09-27 16:57:28 +0200: Memory Usage (4769752K) : Executing rule PP.10
2026-09-27 16:57:28 +0200: Memory Usage (4769752K) : Executing rule PP.11
2026-09-27 16:57:28 +0200: Memory Usage (4769752K) : Executing rule PP.12
2026-09-27 16:57:28 +0200: Memory Usage (4769752K) : Executing deck pres from /foss/pdks/gf180mcuD/libs.tech/klayout/tech/drc/rule_decks/pres.rb
2026-09-27 16:57:29 +0200: Memory Usage (4769752K) : Starting PRES derivations
2026-09-27 16:57:29 +0200: Memory Usage (4769752K) : Executing rule PRES.1
2026-09-27 16:57:29 +0200: Memory Usage (4769752K) : Executing rule PRES.2
2026-09-27 16:57:29 +0200: Memory Usage (4769752K) : Executing rule PRES.3
2026-09-27 16:57:29 +0200: Memory Usage (4769752K) : Executing rule PRES.4
2026-09-27 16:57:29 +0200: Memory Usage (4769752K) : Executing rule PRES.5
2026-09-27 16:57:29 +0200: Memory Usage (4769752K) : Executing rule PRES.6
2026-09-27 16:57:29 +0200: Memory Usage (4769752K) : Executing rule PRES.7
2026-09-27 16:57:29 +0200: Memory Usage (4769752K) : Executing rule PRES.9a
2026-09-27 16:57:29 +0200: Memory Usage (4769752K) : Executing rule PRES.9b
2026-09-27 16:57:29 +0200: Memory Usage (4769752K) : Executing deck sab from /foss/pdks/gf180mcuD/libs.tech/klayout/tech/drc/rule_decks/sab.rb
2026-09-27 16:57:29 +0200: Memory Usage (4769752K) : Starting sab derivations
2026-09-27 16:57:29 +0200: Memory Usage (4769752K) : Executing rule SB.1
2026-09-27 16:57:29 +0200: Memory Usage (4769752K) : Executing rule SB.2
2026-09-27 16:57:29 +0200: Memory Usage (4769752K) : Executing rule SB.3
2026-09-27 16:57:29 +0200: Memory Usage (4769752K) : Executing rule SB.4
2026-09-27 16:57:29 +0200: Memory Usage (4769752K) : Executing rule SB.5a
2026-09-27 16:57:29 +0200: Memory Usage (4769752K) : Executing rule SB.5b
2026-09-27 16:57:29 +0200: Memory Usage (4769752K) : Executing rule SB.6
2026-09-27 16:57:29 +0200: Memory Usage (4769752K) : Executing rule SB.7
2026-09-27 16:57:29 +0200: Memory Usage (4769752K) : Executing rule SB.8
2026-09-27 16:57:29 +0200: Memory Usage (4769752K) : Executing rule SB.9
2026-09-27 16:57:29 +0200: Memory Usage (4769752K) : Executing rule SB.10
2026-09-27 16:57:29 +0200: Memory Usage (4769752K) : Executing rule SB.11
2026-09-27 16:57:29 +0200: Memory Usage (4769752K) : Executing rule SB.12
2026-09-27 16:57:29 +0200: Memory Usage (4769752K) : Executing rule SB.13
2026-09-27 16:57:29 +0200: Memory Usage (4769816K) : Executing rule SB.14a
2026-09-27 16:57:29 +0200: Memory Usage (4769880K) : Executing rule SB.14b
2026-09-27 16:57:29 +0200: Memory Usage (4769944K) : Executing rule SB.15a
2026-09-27 16:57:29 +0200: Memory Usage (4770008K) : Executing rule SB.15b
2026-09-27 16:57:29 +0200: Memory Usage (4770008K) : Executing rule SB.16
2026-09-27 16:57:29 +0200: Memory Usage (4770008K) : Executing deck sram_3p3 from /foss/pdks/gf180mcuD/libs.tech/klayout/tech/drc/rule_decks/sram_3p3.rb
2026-09-27 16:57:29 +0200: Memory Usage (4770008K) : Starting 3.3V SRAM derivations
2026-09-27 16:57:29 +0200: Memory Usage (4770008K) : Executing rule S.DF.4c_LV
2026-09-27 16:57:29 +0200: Memory Usage (4770008K) : Executing rule S.DF.16_LV
2026-09-27 16:57:29 +0200: Memory Usage (4770008K) : Executing rule S.CO.3_LV
2026-09-27 16:57:29 +0200: Memory Usage (4770008K) : Executing rule S.CO.4_LV
2026-09-27 16:57:29 +0200: Memory Usage (4770008K) : Executing rule S.CO.6_ii_LV
2026-09-27 16:57:29 +0200: Memory Usage (4770008K) : Executing rule S.M1.1_LV
2026-09-27 16:57:29 +0200: Memory Usage (4770008K) : Executing deck sram_5p0 from /foss/pdks/gf180mcuD/libs.tech/klayout/tech/drc/rule_decks/sram_5p0.rb
2026-09-27 16:57:29 +0200: Memory Usage (4770008K) : Starting 5V SRAM derivations
2026-09-27 16:57:29 +0200: Memory Usage (4770008K) : Executing rule S.DF.4c_MV
2026-09-27 16:57:29 +0200: Memory Usage (4770008K) : Executing rule S.DF.6_MV
2026-09-27 16:57:29 +0200: Memory Usage (4770008K) : Executing rule S.DF.7_MV
2026-09-27 16:57:29 +0200: Memory Usage (4770008K) : Executing rule S.DF.8_MV
2026-09-27 16:57:29 +0200: Memory Usage (4770008K) : Executing rule S.DF.16_MV
2026-09-27 16:57:29 +0200: Memory Usage (4770008K) : Executing rule S.PL.5a_MV
2026-09-27 16:57:29 +0200: Memory Usage (4770008K) : Executing rule S.PL.5b_MV
2026-09-27 16:57:29 +0200: Memory Usage (4770008K) : Executing rule S.CO.4_MV
2026-09-27 16:57:29 +0200: Memory Usage (4770008K) : Executing deck ymtp_mk from /foss/pdks/gf180mcuD/libs.tech/klayout/tech/drc/rule_decks/ymtp_mk.rb
2026-09-27 16:57:29 +0200: Memory Usage (4770008K) : Starting YMTP_MK derivations
2026-09-27 16:57:29 +0200: Memory Usage (4770008K) : Executing rule Y.NW.2b_LV
2026-09-27 16:57:29 +0200: Memory Usage (4770008K) : Executing rule Y.NW.2b_MV
2026-09-27 16:57:29 +0200: Memory Usage (4770008K) : Executing rule Y.DF.6_MV
2026-09-27 16:57:29 +0200: Memory Usage (4770008K) : Executing rule Y.DF.16_LV
2026-09-27 16:57:29 +0200: Memory Usage (4770008K) : Executing rule Y.DF.16_MV
2026-09-27 16:57:29 +0200: Memory Usage (4770008K) : Executing rule Y.PL.1_LV
2026-09-27 16:57:29 +0200: Memory Usage (4770008K) : Executing rule Y.PL.1_MV
2026-09-27 16:57:29 +0200: Memory Usage (4770008K) : Executing rule Y.PL.2_LV
2026-09-27 16:57:29 +0200: Memory Usage (4770008K) : Executing rule Y.PL.2_MV
2026-09-27 16:57:29 +0200: Memory Usage (4770008K) : Executing rule Y.PL.4_MV
2026-09-27 16:57:29 +0200: Memory Usage (4770008K) : Executing rule Y.PL.5a_LV
2026-09-27 16:57:29 +0200: Memory Usage (4770008K) : Executing rule Y.PL.5a_MV
2026-09-27 16:57:29 +0200: Memory Usage (4770072K) : Executing rule Y.PL.5b_LV
2026-09-27 16:57:29 +0200: Memory Usage (4770136K) : Executing rule Y.PL.5b_MV
2026-09-27 16:57:29 +0200: Memory Usage (4770200K) : 
2026-09-27 16:57:29 +0200: Memory Usage (4770200K) : DRC RESULT: SUCCESS (0 violations)
2026-09-27 16:57:29 +0200: Memory Usage (4770200K) : # DRC Total Run time 515.060411228 seconds
