
Circuit 1 cell cap_nmos_06v0 and Circuit 2 cell cap_nmos_06v0 are black boxes.
Warning: Equate pins:  cell cap_nmos_06v0 is a placeholder, treated as a black box.
Warning: Equate pins:  cell cap_nmos_06v0 is a placeholder, treated as a black box.

Subcircuit pins:
Circuit 1: cap_nmos_06v0                   |Circuit 2: cap_nmos_06v0                   
-------------------------------------------|-------------------------------------------
1                                          |1                                          
2                                          |2                                          
---------------------------------------------------------------------------------------
Cell pin lists are equivalent.
Device classes cap_nmos_06v0 and cap_nmos_06v0 are equivalent.

Circuit 1 cell ppolyf_u and Circuit 2 cell ppolyf_u are black boxes.
Warning: Equate pins:  cell ppolyf_u is a placeholder, treated as a black box.
Warning: Equate pins:  cell ppolyf_u is a placeholder, treated as a black box.

Subcircuit pins:
Circuit 1: ppolyf_u                        |Circuit 2: ppolyf_u                        
-------------------------------------------|-------------------------------------------
1                                          |1                                          
2                                          |2                                          
3                                          |3                                          
---------------------------------------------------------------------------------------
Cell pin lists are equivalent.
Device classes ppolyf_u and ppolyf_u are equivalent.

Subcircuit summary:
Circuit 1: analog_secondary                |Circuit 2: analog_secondary                
-------------------------------------------|-------------------------------------------
diode_nd2ps_03v3 (1)                       |diode_nd2ps_03v3 (1)                       
ppolyf_u (1)                               |ppolyf_u (1)                               
diode_pd2nw_03v3 (1)                       |diode_pd2nw_03v3 (1)                       
Number of devices: 3                       |Number of devices: 3                       
Number of nets: 4                          |Number of nets: 4                          
---------------------------------------------------------------------------------------
Netlists match uniquely.

Subcircuit pins:
Circuit 1: analog_secondary                |Circuit 2: analog_secondary                
-------------------------------------------|-------------------------------------------
PAD                                        |PAD                                        
VDD                                        |VDD                                        
CORE                                       |CORE                                       
VSS                                        |VSS                                        
---------------------------------------------------------------------------------------
Cell pin lists are equivalent.
Device classes analog_secondary and analog_secondary are equivalent.
Flattening unmatched subcell GF_NI_ASIG_5P0_BASE in circuit gf180mcu_fd_io__asig_5p0 (0)(1 instance)
Flattening unmatched subcell comp018green_esd_hbm in circuit gf180mcu_fd_io__asig_5p0 (0)(1 instance)

Cell gf180mcu_fd_io__asig_5p0 (0) disconnected node: VDD
Cell gf180mcu_fd_io__asig_5p0 (0) disconnected node: VSS
Cell gf180mcu_fd_io__asig_5p0 (1) disconnected node: VDD
Cell gf180mcu_fd_io__asig_5p0 (1) disconnected node: VSS
Class gf180mcu_fd_io__asig_5p0 (0):  Merged 44 parallel devices.
Cell gf180mcu_fd_io__asig_5p0 (0) disconnected node: VDD
Cell gf180mcu_fd_io__asig_5p0 (0) disconnected node: VSS
Cell gf180mcu_fd_io__asig_5p0 (1) disconnected node: VDD
Cell gf180mcu_fd_io__asig_5p0 (1) disconnected node: VSS
Subcircuit summary:
Circuit 1: gf180mcu_fd_io__asig_5p0        |Circuit 2: gf180mcu_fd_io__asig_5p0        
-------------------------------------------|-------------------------------------------
diode_nd2ps_06v0 (8->2)                    |diode_nd2ps_06v0 (8->2)                    
diode_pd2nw_06v0 (4->1)                    |diode_pd2nw_06v0 (4->1)                    
cap_nmos_06v0 (36->1)                      |cap_nmos_06v0 (36->1)                      
Number of devices: 4                       |Number of devices: 4                       
Number of nets: 3                          |Number of nets: 3                          
---------------------------------------------------------------------------------------
Netlists match uniquely.

Subcircuit pins:
Circuit 1: gf180mcu_fd_io__asig_5p0        |Circuit 2: gf180mcu_fd_io__asig_5p0        
-------------------------------------------|-------------------------------------------
DVSS                                       |DVSS                                       
DVDD                                       |DVDD                                       
ASIG5V                                     |ASIG5V                                     
VDD                                        |VDD                                        
VSS                                        |VSS                                        
---------------------------------------------------------------------------------------
Cell pin lists are equivalent.
Device classes gf180mcu_fd_io__asig_5p0 and gf180mcu_fd_io__asig_5p0 are equivalent.

Subcircuit summary:
Circuit 1: analog_pad_interface            |Circuit 2: analog_pad_interface            
-------------------------------------------|-------------------------------------------
analog_secondary (1)                       |analog_secondary (1)                       
gf180mcu_fd_io__asig_5p0 (1)               |gf180mcu_fd_io__asig_5p0 (1)               
Number of devices: 2                       |Number of devices: 2                       
Number of nets: 4                          |Number of nets: 4                          
---------------------------------------------------------------------------------------
Netlists match uniquely.

Subcircuit pins:
Circuit 1: analog_pad_interface            |Circuit 2: analog_pad_interface            
-------------------------------------------|-------------------------------------------
VDD                                        |VDD                                        
VSS                                        |VSS                                        
CORE                                       |CORE                                       
PAD                                        |PAD                                        
---------------------------------------------------------------------------------------
Cell pin lists are equivalent.
Device classes analog_pad_interface and analog_pad_interface are equivalent.

Final result: Circuits match uniquely.
.
