
Magic 8.3 revision 664 - Compiled on Mon Jun 15 08:31:32 AM CEST 2026.
Starting magic under Tcl interpreter
Using the terminal as the console.
WARNING: RLIMIT_NOFILE is above 1024 and Tcl_Version<9 this may cause runtime issues [rlim_cur=1048576]
Using NULL graphics device.
Processing system .magicrc file
Switching to WIRING tool.
Switching to NETLIST tool.
Switching to PICK tool.
Switching to BOX tool.
Sourcing design .magicrc for technology gf180mcuD ...
10 Magic internal units = 1 Lambda
Input style import: scaleFactor=10, multiplier=2
The following types are not handled by extraction and will be treated as non-electrical types:
    obsactive mvobsactive filldiff fillpoly m1hole obsm1 fillm1 obsv1 m2hole obsm2 fillm2 obsv2 m3hole obsm3 fillm3 m4hole obsm4 fillm4 m5hole obsm5 fillm5 glass fillblock lvstext obscomment 
Scaled tech values by 10 / 1 to match internal grid scaling
Loading gf180mcuD Device Generator Menu ...
Loading "/foss/designs/layout/check-buffer.tcl" from command line.
Warning: Calma reading is not undoable!  I hope that's OK.
Library written using GDS-II Release 6.0
Library name: LIB
Reading "$$$CONTEXT_INFO$$$".
Reading "mirror_pfet".
Moving label "D" from ndiff to pdiffc in cell mirror_pfet.
Moving label "S" from ndiff to pdiffc in cell mirror_pfet.
Reading "buffer_pfet".
Moving label "D" from ndiff to pdiffc in cell buffer_pfet.
Moving label "S" from ndiff to pdiffc in cell buffer_pfet.
Reading "output_buffer".
The selected label is already a port.
Do "port help" to get a list of options.
The selected label is already a port.
Do "port help" to get a list of options.
The selected label is already a port.
Do "port help" to get a list of options.
The selected label is already a port.
Do "port help" to get a list of options.
The selected label is already a port.
Do "port help" to get a list of options.
Loading DRC CIF style.
BUFFER_DRC_COUNT=0
No errors found.
BUFFER_DRC_DETAILS=
Extracting buffer_pfet into buffer_pfet.ext:
Processing buffer_pfet
Extracting mirror_pfet into mirror_pfet.ext:
Processing mirror_pfet
Extracting output_buffer into output_buffer.ext:
Processing output_buffer
exttospice finished.
